Component: ARM Compiler 5.06 (build 20) Tool: armlink [4d35a3]

==============================================================================

Section Cross References

    delay.o(i.GetSysTime_us) refers to delay.o(.data) for ticktack
    delay.o(i.cycleCounterInit) refers to stm32f10x_rcc.o(i.RCC_GetClocksFreq) for RCC_GetClocksFreq
    delay.o(i.cycleCounterInit) refers to delay.o(.data) for usTicks
    delay.o(i.delay_ms) refers to delay.o(i.GetSysTime_us) for GetSysTime_us
    main.o(i.GPIO_Configuration) refers to stm32f10x_gpio.o(i.GPIO_Init) for GPIO_Init
    main.o(i.NVIC_Configuration) refers to misc.o(i.NVIC_PriorityGroupConfig) for NVIC_PriorityGroupConfig
    main.o(i.NVIC_Configuration) refers to misc.o(i.NVIC_SetVectorTable) for NVIC_SetVectorTable
    main.o(i.NVIC_Configuration) refers to misc.o(i.NVIC_Init) for NVIC_Init
    main.o(i.RCC_Configuration) refers to stm32f10x_rcc.o(i.RCC_APB2PeriphClockCmd) for RCC_APB2PeriphClockCmd
    main.o(i.main) refers to system_stm32f10x.o(i.SystemInit) for SystemInit
    main.o(i.main) refers to main.o(i.RCC_Configuration) for RCC_Configuration
    main.o(i.main) refers to main.o(i.NVIC_Configuration) for NVIC_Configuration
    main.o(i.main) refers to main.o(i.GPIO_Configuration) for GPIO_Configuration
    main.o(i.main) refers to usart.o(i.USART1_Configuration) for USART1_Configuration
    main.o(i.main) refers to usart.o(i.USART_OUT) for USART_OUT
    main.o(i.main) refers to delay.o(i.cycleCounterInit) for cycleCounterInit
    main.o(i.main) refers to delay.o(i.delay_ms) for delay_ms
    main.o(i.main) refers to filter.o(i.FilterInit) for FilterInit
    main.o(i.main) refers to controller.o(i.controllerInit) for controllerInit
    main.o(i.main) refers to stm32f10x_flash.o(i.FLASH_Unlock) for FLASH_Unlock
    main.o(i.main) refers to eeprom.o(i.EE_Init) for EE_Init
    main.o(i.main) refers to func.o(i.EE_Read_ACC_GYRO_Offset) for EE_Read_ACC_GYRO_Offset
    main.o(i.main) refers to func.o(i.EE_Read_PID) for EE_Read_PID
    main.o(i.main) refers to func.o(i.EE_Read_Rate_PID) for EE_Read_Rate_PID
    main.o(i.main) refers to adc_dma.o(i.ADC_DMA_Init) for ADC_DMA_Init
    main.o(i.main) refers to spi.o(i.SPI_NRF_Init) for SPI_NRF_Init
    main.o(i.main) refers to nrf24l01.o(i.Nrf24l01_Init) for Nrf24l01_Init
    main.o(i.main) refers to nrf24l01.o(i.NRF24l01_SetRxMode) for NRF24l01_SetRxMode
    main.o(i.main) refers to nrf24l01.o(i.Nrf24l01_Check) for Nrf24l01_Check
    main.o(i.main) refers to ioi2c.o(i.IIC_Init) for IIC_Init
    main.o(i.main) refers to mpu6050.o(i.MPU6050_initialize) for MPU6050_initialize
    main.o(i.main) refers to motor.o(i.Motor_Init) for Motor_Init
    main.o(i.main) refers to motor.o(i.Motor_SetPwm) for Motor_SetPwm
    main.o(i.main) refers to imu.o(i.GetEulerAngle) for GetEulerAngle
    main.o(i.main) refers to controller.o(i.AttitudeToMotors) for AttitudeToMotors
    main.o(i.main) refers to nrf24l01.o(i.NRF24l01_Recv) for NRF24l01_Recv
    main.o(i.main) refers to func.o(i.CheckSum) for CheckSum
    main.o(i.main) refers to controller.o(i.Getdesireddata) for Getdesireddata
    main.o(i.main) refers to controller.o(i.SetPID) for SetPID
    main.o(i.main) refers to func.o(i.SetAccGyroOffset) for SetAccGyroOffset
    main.o(i.main) refers to controller.o(i.SetRatePID) for SetRatePID
    main.o(i.main) refers to controller.o(i.GetPID) for GetPID
    main.o(i.main) refers to func.o(i.GetAccGyroOffset) for GetAccGyroOffset
    main.o(i.main) refers to controller.o(i.GetRatePID) for GetRatePID
    main.o(i.main) refers to imu.o(i.EnableCalibration) for EnableCalibration
    main.o(i.main) refers to func.o(i.GetState) for GetState
    main.o(i.main) refers to nrf24l01.o(i.NRF_SendData) for NRF_SendData
    main.o(i.main) refers to system_stm32f10x.o(.data) for SystemCoreClock
    main.o(i.main) refers to delay.o(.data) for TIMIRQCNT
    main.o(i.main) refers to controller.o(.data) for lock_flag
    main.o(i.main) refers to filter.o(.bss) for angle
    stm32f10x_it.o(i.SysTick_Handler) refers to delay.o(.data) for ticktack
    stm32f10x_it.o(i.USART1_IRQHandler) refers to stm32f10x_usart.o(i.USART_GetITStatus) for USART_GetITStatus
    stm32f10x_it.o(i.USART1_IRQHandler) refers to stm32f10x_usart.o(i.USART_ReceiveData) for USART_ReceiveData
    stm32f10x_it.o(i.USART1_IRQHandler) refers to usart.o(.data) for RxCounter
    stm32f10x_it.o(i.USART1_IRQHandler) refers to usart.o(.bss) for RxBuffer
    imu.o(i.CalibrateMPU6050) refers to imu.o(.data) for cali_count
    imu.o(i.CalibrateMPU6050) refers to imu.o(.bss) for mpu_info
    imu.o(i.EnableCalibration) refers to imu.o(.data) for calibration_flag
    imu.o(i.GetDeltaT) refers to dflt_clz.o(x$fpl$dfltu) for __aeabi_ui2d
    imu.o(i.GetDeltaT) refers to dmul.o(x$fpl$dmul) for __aeabi_dmul
    imu.o(i.GetDeltaT) refers to d2f.o(x$fpl$d2f) for __aeabi_d2f
    imu.o(i.GetDeltaT) refers to imu.o(.data) for last
[...]
    i.RCC_Configuration                      0x080029b4   Section        0  main.o(i.RCC_Configuration)
    i.RCC_GetClocksFreq                      0x080029c4   Section        0  stm32f10x_rcc.o(i.RCC_GetClocksFreq)
    i.SPI_Cmd                                0x08002a98   Section        0  stm32f10x_spi.o(i.SPI_Cmd)
    i.SPI_I2S_GetFlagStatus                  0x08002ab0   Section        0  stm32f10x_spi.o(i.SPI_I2S_GetFlagStatus)
    i.SPI_I2S_ReceiveData                    0x08002ac2   Section        0  stm32f10x_spi.o(i.SPI_I2S_ReceiveData)
    i.SPI_I2S_SendData                       0x08002ac8   Section        0  stm32f10x_spi.o(i.SPI_I2S_SendData)
    i.SPI_Init                               0x08002acc   Section        0  stm32f10x_spi.o(i.SPI_Init)
    i.SPI_NRF_Init                           0x08002b08   Section        0  spi.o(i.SPI_NRF_Init)
    i.SPI_RW                                 0x08002bf0   Section        0  spi.o(i.SPI_RW)
    i.SVC_Handler                            0x08002c28   Section        0  stm32f10x_it.o(i.SVC_Handler)
    i.SetAccGyroOffset                       0x08002c2c   Section        0  func.o(i.SetAccGyroOffset)
    i.SetPID                                 0x08002c90   Section        0  controller.o(i.SetPID)
    i.SetRatePID                             0x08002df8   Section        0  controller.o(i.SetRatePID)
    i.SetSysClock                            0x08002f60   Section        0  system_stm32f10x.o(i.SetSysClock)
    SetSysClock                              0x08002f61   Thumb Code     8  system_stm32f10x.o(i.SetSysClock)
    i.SetSysClockTo72                        0x08002f68   Section        0  system_stm32f10x.o(i.SetSysClockTo72)
    SetSysClockTo72                          0x08002f69   Thumb Code   214  system_stm32f10x.o(i.SetSysClockTo72)
    i.Single_WriteI2C                        0x08003048   Section        0  mpu6050.o(i.Single_WriteI2C)
    i.SysTick_Handler                        0x0800305c   Section        0  stm32f10x_it.o(i.SysTick_Handler)
    i.SystemInit                             0x0800307c   Section        0  system_stm32f10x.o(i.SystemInit)
    i.TIM3_IRQHandler                        0x080030dc   Section        0  stm32f10x_it.o(i.TIM3_IRQHandler)
    i.TIM_ARRPreloadConfig                   0x080030e8   Section        0  stm32f10x_tim.o(i.TIM_ARRPreloadConfig)
    i.TIM_Cmd                                0x08003100   Section        0  stm32f10x_tim.o(i.TIM_Cmd)
    i.TIM_OC1Init                            0x08003118   Section        0  stm32f10x_tim.o(i.TIM_OC1Init)
    i.TIM_OC1PreloadConfig                   0x080031b0   Section        0  stm32f10x_tim.o(i.TIM_OC1PreloadConfig)
    i.TIM_OC2Init                            0x080031c4   Section        0  stm32f10x_tim.o(i.TIM_OC2Init)
    i.TIM_OC2PreloadConfig                   0x08003268   Section        0  stm32f10x_tim.o(i.TIM_OC2PreloadConfig)
    i.TIM_OC3Init                            0x08003284   Section        0  stm32f10x_tim.o(i.TIM_OC3Init)
    i.TIM_OC3PreloadConfig                   0x08003324   Section        0  stm32f10x_tim.o(i.TIM_OC3PreloadConfig)
    i.TIM_OC4Init                            0x08003338   Section        0  stm32f10x_tim.o(i.TIM_OC4Init)
    i.TIM_OC4PreloadConfig                   0x080033b4   Section        0  stm32f10x_tim.o(i.TIM_OC4PreloadConfig)
    i.TIM_TimeBaseInit                       0x080033d0   Section        0  stm32f10x_tim.o(i.TIM_TimeBaseInit)
    i.USART1_Configuration                   0x08003474   Section        0  usart.o(i.USART1_Configuration)
    i.USART1_IRQHandler                      0x080034f0   Section        0  stm32f10x_it.o(i.USART1_IRQHandler)
    i.USART_Cmd                              0x0800353c   Section        0  stm32f10x_usart.o(i.USART_Cmd)
    i.USART_GetFlagStatus                    0x08003554   Section        0  stm32f10x_usart.o(i.USART_GetFlagStatus)
    i.USART_GetITStatus                      0x0800356e   Section        0  stm32f10x_usart.o(i.USART_GetITStatus)
    i.USART_ITConfig                         0x080035c2   Section        0  stm32f10x_usart.o(i.USART_ITConfig)
    i.USART_Init                             0x0800360c   Section        0  stm32f10x_usart.o(i.USART_Init)
    i.USART_OUT                              0x080036e4   Section        0  usart.o(i.USART_OUT)
    i.USART_ReceiveData                      0x080037f2   Section        0  stm32f10x_usart.o(i.USART_ReceiveData)
    i.USART_SendData                         0x080037fc   Section        0  stm32f10x_usart.o(i.USART_SendData)
    i.UsageFault_Handler                     0x08003804   Section        0  stm32f10x_it.o(i.UsageFault_Handler)
    i.__ARM_fpclassifyf                      0x08003808   Section        0  fpclassifyf.o(i.__ARM_fpclassifyf)
    i.__mathlib_flt_infnan                   0x0800382e   Section        0  funder.o(i.__mathlib_flt_infnan)
    i.__mathlib_flt_infnan2                  0x08003834   Section        0  funder.o(i.__mathlib_flt_infnan2)
    i.__mathlib_flt_invalid                  0x08003838   Section        0  funder.o(i.__mathlib_flt_invalid)
    i.__mathlib_flt_underflow                0x08003840   Section        0  funder.o(i.__mathlib_flt_underflow)
    i.__mathlib_rredf2                       0x0800384c   Section        0  rredf.o(i.__mathlib_rredf2)
    i.atan2f                                 0x080039b4   Section        0  atan2f.o(i.atan2f)
    i.controllerCorrectAttitudePID           0x08003c10   Section        0  controller.o(i.controllerCorrectAttitudePID)
    i.controllerCorrectRatePID               0x08003cd8   Section        0  controller.o(i.controllerCorrectRatePID)
    i.controllerInit                         0x08003d98   Section        0  controller.o(i.controllerInit)
    i.cosf                                   0x08003ec0   Section        0  cosf.o(i.cosf)
    i.cycleCounterInit                       0x0800403c   Section        0  delay.o(i.cycleCounterInit)
    i.degrees                                0x08004060   Section        0  filter.o(i.degrees)
    i.delay_ms                               0x08004074   Section        0  delay.o(i.delay_ms)
    i.delay_us                               0x08004096   Section        0  delay.o(i.delay_us)
    i.distributePower                        0x080040b4   Section        0  controller.o(i.distributePower)
    distributePower                          0x080040b5   Thumb Code    96  controller.o(i.distributePower)
    i.from_euler                             0x08004124   Section        0  filter.o(i.from_euler)
    i.get_rollpitch                          0x0800435c   Section        0  filter.o(i.get_rollpitch)
    i.iirLPFilterSingle                      0x080043b4   Section        0  filter.o(i.iirLPFilterSingle)
    i.imuAccIIRLPFilter                      0x080043e6   Section        0  filter.o(i.imuAccIIRLPFilter)
    i.itoa                                   0x0800441e   Section        0  usart.o(i.itoa)
    i.main                                   0x08004484   Section        0  main.o(i.main)
    i.pidInit                                0x08004958   Section        0  pid.o(i.pidInit)
    i.pidSetDesired                          0x08004974   Section        0  pid.o(i.pidSetDesired)
    i.pidSetError                            0x08004978   Section        0  pid.o(i.pidSetError)
    i.pidSetIntegralLimit                    0x0800497c   Section        0  pid.o(i.pidSetIntegralLimit)
    i.pidSetIntegralLimitLow                 0x08004980   Section        0  pid.o(i.pidSetIntegralLimitLow)
    i.pidUpdate                              0x08004984   Section        0  pid.o(i.pidUpdate)
    i.sinf                                   0x08004a24   Section        0  sinf.o(i.sinf)
    i.sqrtf                                  0x08004bac   Section        0  sqrtf.o(i.sqrtf)
    x$fpl$d2f                                0x08004bd8   Section       98  d2f.o(x$fpl$d2f)
    x$fpl$dadd                               0x08004c3c   Section      336  daddsub_clz.o(x$fpl$dadd)
    _dadd1                                   0x08004c4d   Thumb Code     0  daddsub_clz.o(x$fpl$dadd)
    x$fpl$dcmpinf                            0x08004d8c   Section       24  dcmpi.o(x$fpl$dcmpinf)
    x$fpl$ddiv                               0x08004da4   Section      688  ddiv.o(x$fpl$ddiv)
    ddiv_entry                               0x08004dab   Thumb Code     0  ddiv.o(x$fpl$ddiv)
    x$fpl$dfix                               0x08005054   Section       94  dfix.o(x$fpl$dfix)
    x$fpl$dfixu                              0x080050b4   Section       90  dfixu.o(x$fpl$dfixu)
    x$fpl$dflt                               0x0800510e   Section       46  dflt_clz.o(x$fpl$dflt)
    x$fpl$dfltu                              0x0800513c   Section       38  dflt_clz.o(x$fpl$dfltu)
    x$fpl$dleqf                              0x08005164   Section      120  dleqf.o(x$fpl$dleqf)
    x$fpl$dmul                               0x080051dc   Section      340  dmul.o(x$fpl$dmul)
    x$fpl$dnaninf                            0x08005330   Section      156  dnaninf.o(x$fpl$dnaninf)
    x$fpl$dretinf                            0x080053cc   Section       12  dretinf.o(x$fpl$dretinf)
    x$fpl$drleqf                             0x080053d8   Section      108  drleqf.o(x$fpl$drleqf)
    x$fpl$dsub                               0x08005444   Section      468  daddsub_clz.o(x$fpl$dsub)
    _dsub1                                   0x08005455   Thumb Code     0  daddsub_clz.o(x$fpl$dsub)
    x$fpl$f2d                                0x08005618   Section       86  f2d.o(x$fpl$f2d)
    x$fpl$fadd                               0x08005670   Section      196  faddsub_clz.o(x$fpl$fadd)
    _fadd1                                   0x0800567f   Thumb Code     0  faddsub_clz.o(x$fpl$fadd)
    x$fpl$fcheck1                            0x08005734   Section       12  fcheck1.o(x$fpl$fcheck1)
    x$fpl$fcmpinf                            0x08005740   Section       24  fcmpi.o(x$fpl$fcmpinf)
    x$fpl$fdiv                               0x08005758   Section      388  fdiv.o(x$fpl$fdiv)
    _fdiv1                                   0x08005759   Thumb Code     0  fdiv.o(x$fpl$fdiv)
    x$fpl$ffix                               0x080058dc   Section       54  ffix.o(x$fpl$ffix)
    x$fpl$ffixu                              0x08005914   Section       62  ffixu.o(x$fpl$ffixu)
    x$fpl$fflt                               0x08005954   Section       48  fflt_clz.o(x$fpl$fflt)
    x$fpl$ffltu                              0x08005984   Section       38  fflt_clz.o(x$fpl$ffltu)
    x$fpl$fleqf                              0x080059ac   Section      104  fleqf.o(x$fpl$fleqf)
    x$fpl$fmul                               0x08005a14   Section      258  fmul.o(x$fpl$fmul)
    x$fpl$fnaninf                            0x08005b16   Section      140  fnaninf.o(x$fpl$fnaninf)
    x$fpl$fretinf                            0x08005ba2   Section       10  fretinf.o(x$fpl$fretinf)
    x$fpl$frleqf                             0x08005bac   Section       98  frleqf.o(x$fpl$frleqf)
    x$fpl$frnd                               0x08005c10   Section       96  frnd.o(x$fpl$frnd)
    x$fpl$frsb                               0x08005c70   Section       20  faddsub_clz.o(x$fpl$frsb)
    x$fpl$fsqrt                              0x08005c84   Section      272  fsqrt.o(x$fpl$fsqrt)
    x$fpl$fsub                               0x08005d94   Section      234  faddsub_clz.o(x$fpl$fsub)
    _fsub1                                   0x08005da3   Thumb Code     0  faddsub_clz.o(x$fpl$fsub)
    x$fpl$retnan                             0x08005e7e   Section      100  retnan.o(x$fpl$retnan)
    x$fpl$scalbnf                            0x08005ee2   Section       76  scalbnf.o(x$fpl$scalbnf)
    x$fpl$trapveneer                         0x08005f2e   Section       48  trapv.o(x$fpl$trapveneer)
    x$fpl$usenofp                            0x08005f5e   Section        0  usenofp.o(x$fpl$usenofp)
    .constdata                               0x08005f60   Section       32  rredf.o(.constdata)
    twooverpi                                0x08005f60   Data          32  rredf.o(.constdata)
    .data                                    0x20000000   Section       12  delay.o(.data)
    usTicks                                  0x20000000   Data           4  delay.o(.data)
    .data                                    0x2000000c   Section       44  imu.o(.data)
    accelLPF                                 0x2000000e   Data           6  imu.o(.data)
    imuAccLpfAttFactor                       0x20000014   Data           4  imu.o(.data)
    cali_count                               0x20000018   Data           1  imu.o(.data)
    acc_x                                    0x2000001c   Data           4  imu.o(.data)
    acc_y                                    0x20000020   Data           4  imu.o(.data)
    acc_z                                    0x20000024   Data           4  imu.o(.data)
    gyro_x                                   0x20000028   Data           4  imu.o(.data)
    gyro_y                                   0x2000002c   Data           4  imu.o(.data)
    gyro_z                                   0x20000030   Data           4  imu.o(.data)
    last                                     0x20000034   Data           4  imu.o(.data)
    .data                                    0x20000038   Section       28  filter.o(.data)
    Vector_G                                 0x2000003c   Data          12  filter.o(.data)
    Vector_M                                 0x20000048   Data          12  filter.o(.data)
    .data                                    0x20000054   Section       62  controller.o(.data)
    flag                                     0x20000090   Data           1  controller.o(.data)
    flag                                     0x20000091   Data           1  controller.o(.data)
    .data                                    0x20000092   Section       48  func.o(.data)
    .data                                    0x200000c4   Section       20  system_stm32f10x.o(.data)
    .data                                    0x200000d8   Section       20  stm32f10x_rcc.o(.data)
    APBAHBPrescTable                         0x200000d8   Data          16  stm32f10x_rcc.o(.data)
    ADCPrescTable                            0x200000e8   Data           4  stm32f10x_rcc.o(.data)
    .data                                    0x200000ec   Section        3  usart.o(.data)
    .data                                    0x200000ef   Section       11  nrf24l01.o(.data)
    .data                                    0x200000fa   Section        2  eeprom.o(.data)
    .bss                                     0x200000fc   Section       52  imu.o(.bss)
    accelStoredFilterValues                  0x20000124   Data          12  imu.o(.bss)
    .bss                                     0x20000130   Section       36  filter.o(.bss)
    deltaGyroAngle                           0x2000013c   Data          12  filter.o(.bss)
    LastGyro                                 0x20000148   Data          12  filter.o(.bss)
    .bss                                     0x20000154   Section      336  controller.o(.bss)
    .bss                                     0x200002a4   Section       60  usart.o(.bss)
    .bss                                     0x200002e0   Section       20  adc_dma.o(.bss)
    .bss                                     0x200002f4   Section       96  libspace.o(.bss)
    HEAP                                     0x20000358   Section      512  startup_stm32f10x_md.o(HEAP)
    Heap_Mem                                 0x20000358   Data         512  startup_stm32f10x_md.o(HEAP)
    STACK                                    0x20000558   Section     1024  startup_stm32f10x_md.o(STACK)
    Stack_Mem                                0x20000558   Data        1024  startup_stm32f10x_md.o(STACK)
    __initial_sp                             0x20000958   Data           0  startup_stm32f10x_md.o(STACK)

    Global Symbols

    Symbol Name                              Value     Ov Type        Size  Object(Section)

    BuildAttributes$$THM_ISAv4$P$D$K$B$S$PE$A:L22UL41UL21$X:L11$S22US41US21$IEEE1$IW$USESV6$~STKCKD$USESV7$~SHL$OTIME$ROPI$IEEEX$EBA8$UX$STANDARDLIB$REQ8$PRES8$EABIv2 0x00000000   Number         0  anon$$obj.o ABSOLUTE
    __ARM_use_no_argv                        0x00000000   Number         0  main.o ABSOLUTE
    _printf_flags                            0x00000000   Number         0  printf_stubs.o ABSOLUTE
    _printf_return_value                     0x00000000   Number         0  printf_stubs.o ABSOLUTE
    _printf_sizespec                         0x00000000   Number         0  printf_stubs.o ABSOLUTE
    _printf_widthprec                        0x00000000   Number         0  printf_stubs.o ABSOLUTE
    __ARM_exceptions_init                     - Undefined Weak Reference
    __alloca_initialize                       - Undefined Weak Reference
    __arm_preinit_                            - Undefined Weak Reference
    __cpp_initialize__aeabi_                  - Undefined Weak Reference
    __cxa_finalize                            - Undefined Weak Reference
    __rt_locale                               - Undefined Weak Reference
    __sigvec_lookup                           - Undefined Weak Reference
    _atexit_init                              - Undefined Weak Reference
    _call_atexit_fns                          - Undefined Weak Reference
    _clock_init                               - Undefined Weak Reference
    _fp_trap_init                             - Undefined Weak Reference
    _fp_trap_shutdown                         - Undefined Weak Reference
    _get_lc_collate                           - Undefined Weak Reference
    _get_lc_ctype                             - Undefined Weak Reference
    _get_lc_monetary                          - Undefined Weak Reference
    _get_lc_numeric                           - Undefined Weak Reference
    _get_lc_time                              - Undefined Weak Reference
    _getenv_init                              - Undefined Weak Reference
    _handle_redirection                       - Undefined Weak Reference
    _init_alloc                               - Undefined Weak Reference
    _init_user_alloc                          - Undefined Weak Reference
    _initio                                   - Undefined Weak Reference
    _printf_truncate_signed                   - Undefined Weak Reference
    _printf_truncate_unsigned                 - Undefined Weak Reference
    _rand_init                                - Undefined Weak Reference
    _signal_finish                            - Undefined Weak Reference
    _signal_init                              - Undefined Weak Reference
    _terminate_alloc                          - Undefined Weak Reference
    _terminate_user_alloc                     - Undefined Weak Reference
    _terminateio                              - Undefined Weak Reference
    __Vectors_Size                           0x000000ec   Number         0  startup_stm32f10x_md.o ABSOLUTE
    __Vectors                                0x08000000   Data           4  startup_stm32f10x_md.o(RESET)
    __Vectors_End                            0x080000ec   Data           0  startup_stm32f10x_md.o(RESET)
    __main                                   0x080000ed   Thumb Code     8  __main.o(!!!main)
    __scatterload                            0x080000f5   Thumb Code     0  __scatter.o(!!!scatter)
    __scatterload_rt2                        0x080000f5   Thumb Code    44  __scatter.o(!!!scatter)
    __scatterload_rt2_thumb_only             0x080000f5   Thumb Code     0  __scatter.o(!!!scatter)
    __scatterload_null                       0x08000103   Thumb Code     0  __scatter.o(!!!scatter)
    __scatterload_copy                       0x08000129   Thumb Code    26  __scatter_copy.o(!!handler_copy)
    __scatterload_zeroinit                   0x08000145   Thumb Code    28  __scatter_zi.o(!!handler_zi)
    __rt_lib_init                            0x08000161   Thumb Code     0  libinit.o(.ARM.Collect$$libinit$$00000000)
    __rt_lib_init_alloca_1                   0x08000163   Thumb Code     0  libinit2.o(.ARM.Collect$$libinit$$0000002E)
    __rt_lib_init_argv_1                     0x08000163   Thumb Code     0  libinit2.o(.ARM.Collect$$libinit$$0000002C)
    __rt_lib_init_atexit_1                   0x08000163   Thumb Code     0  libinit2.o(.ARM.Collect$$libinit$$0000001B)
    __rt_lib_init_clock_1                    0x08000163   Thumb Code     0  libinit2.o(.ARM.Collect$$libinit$$00000021)
    __rt_lib_init_cpp_1                      0x08000163   Thumb Code     0  libinit2.o(.ARM.Collect$$libinit$$00000032)
    __rt_lib_init_exceptions_1               0x08000163   Thumb Code     0  libinit2.o(.ARM.Collect$$libinit$$00000030)
    __rt_lib_init_fp_1                       0x08000163   Thumb Code     0  libinit2.o(.ARM.Collect$$libinit$$00000002)
    __rt_lib_init_fp_trap_1                  0x08000163   Thumb Code     0  libinit2.o(.ARM.Collect$$libinit$$0000001F)
    __rt_lib_init_getenv_1                   0x08000163   Thumb Code     0  libinit2.o(.ARM.Collect$$libinit$$00000023)
    __rt_lib_init_heap_1                     0x08000163   Thumb Code     0  libinit2.o(.ARM.Collect$$libinit$$0000000A)
    __rt_lib_init_lc_collate_1               0x08000163   Thumb Code     0  libinit2.o(.ARM.Collect$$libinit$$00000011)
    __rt_lib_init_lc_ctype_1                 0x08000163   Thumb Code     0  libinit2.o(.ARM.Collect$$libinit$$00000013)
    __rt_lib_init_lc_monetary_1              0x08000163   Thumb Code     0  libinit2.o(.ARM.Collect$$libinit$$00000015)
    __rt_lib_init_lc_numeric_1               0x08000163   Thumb Code     0  libinit2.o(.ARM.Collect$$libinit$$00000017)
    __rt_lib_init_lc_time_1                  0x08000163   Thumb Code     0  libinit2.o(.ARM.Collect$$libinit$$00000019)
    __rt_lib_init_preinit_1                  0x08000163   Thumb Code     0  libinit2.o(.ARM.Collect$$libinit$$00000004)
    __rt_lib_init_rand_1                     0x08000163   Thumb Code     0  libinit2.o(.ARM.Collect$$libinit$$0000000E)
    __rt_lib_init_return                     0x08000163   Thumb Code     0  libinit2.o(.ARM.Collect$$libinit$$00000033)
    __rt_lib_init_signal_1                   0x08000163   Thumb Code     0  libinit2.o(.ARM.Collect$$libinit$$0000001D)
    __rt_lib_init_stdio_1                    0x08000163   Thumb Code     0  libinit2.o(.ARM.Collect$$libinit$$00000025)
    __rt_lib_init_user_alloc_1               0x08000163   Thumb Code     0  libinit2.o(.ARM.Collect$$libinit$$0000000C)
    __rt_lib_shutdown                        0x08000165   Thumb Code     0  libshutdown.o(.ARM.Collect$$libshutdown$$00000000)
    __rt_lib_shutdown_cpp_1                  0x08000167   Thumb Code     0  libshutdown2.o(.ARM.Collect$$libshutdown$$00000002)
    __rt_lib_shutdown_fp_trap_1              0x08000167   Thumb Code     0  libshutdown2.o(.ARM.Collect$$libshutdown$$00000007)
    __rt_lib_shutdown_heap_1                 0x08000167   Thumb Code     0  libshutdown2.o(.ARM.Collect$$libshutdown$$0000000F)
    __rt_lib_shutdown_return                 0x08000167   Thumb Code     0  libshutdown2.o(.ARM.Collect$$libshutdown$$00000010)
    __rt_lib_shutdown_signal_1               0x08000167   Thumb Code     0  libshutdown2.o(.ARM.Collect$$libshutdown$$0000000A)
    __rt_lib_shutdown_stdio_1                0x08000167   Thumb Code     0  libshutdown2.o(.ARM.Collect$$libshutdown$$00000004)
    __rt_lib_shutdown_user_alloc_1           0x08000167   Thumb Code     0  libshutdown2.o(.ARM.Collect$$libshutdown$$0000000C)
    __rt_entry                               0x08000169   Thumb Code     0  __rtentry.o(.ARM.Collect$$rtentry$$00000000)
    __rt_entry_presh_1                       0x08000169   Thumb Code     0  __rtentry2.o(.ARM.Collect$$rtentry$$00000002)
    __rt_entry_sh                            0x08000169   Thumb Code     0  __rtentry4.o(.ARM.Collect$$rtentry$$00000004)
    __rt_entry_li                            0x0800016f   Thumb Code     0  __rtentry2.o(.ARM.Collect$$rtentry$$0000000A)
    __rt_entry_postsh_1                      0x0800016f   Thumb Code     0  __rtentry2.o(.ARM.Collect$$rtentry$$00000009)
    __rt_entry_main                          0x08000173   Thumb Code     0  __rtentry2.o(.ARM.Collect$$rtentry$$0000000D)
    __rt_entry_postli_1                      0x08000173   Thumb Code     0  __rtentry2.o(.ARM.Collect$$rtentry$$0000000C)
    __rt_exit                                0x0800017b   Thumb Code     0  rtexit.o(.ARM.Collect$$rtexit$$00000000)
    __rt_exit_ls                             0x0800017d   Thumb Code     0  rtexit2.o(.ARM.Collect$$rtexit$$00000003)
    __rt_exit_prels_1                        0x0800017d   Thumb Code     0  rtexit2.o(.ARM.Collect$$rtexit$$00000002)
    __rt_exit_exit                           0x08000181   Thumb Code     0  rtexit2.o(.ARM.Collect$$rtexit$$00000004)
    Reset_Handler                            0x08000189   Thumb Code     8  startup_stm32f10x_md.o(.text)
    ADC1_2_IRQHandler                        0x080001a3   Thumb Code     0  startup_stm32f10x_md.o(.text)
    CAN1_RX1_IRQHandler                      0x080001a3   Thumb Code     0  startup_stm32f10x_md.o(.text)
    CAN1_SCE_IRQHandler                      0x080001a3   Thumb Code     0  startup_stm32f10x_md.o(.text)
    DMA1_Channel1_IRQHandler                 0x080001a3   Thumb Code     0  startup_stm32f10x_md.o(.text)
    DMA1_Channel2_IRQHandler                 0x080001a3   Thumb Code     0  startup_stm32f10x_md.o(.text)
    DMA1_Channel3_IRQHandler                 0x080001a3   Thumb Code     0  startup_stm32f10x_md.o(.text)
    DMA1_Channel4_IRQHandler                 0x080001a3   Thumb Code     0  startup_stm32f10x_md.o(.text)
    DMA1_Channel5_IRQHandler                 0x080001a3   Thumb Code     0  startup_stm32f10x_md.o(.text)
    DMA1_Channel6_IRQHandler                 0x080001a3   Thumb Code     0  startup_stm32f10x_md.o(.text)
    DMA1_Channel7_IRQHandler                 0x080001a3   Thumb Code     0  startup_stm32f10x_md.o(.text)
    EXTI0_IRQHandler                         0x080001a3   Thumb Code     0  startup_stm32f10x_md.o(.text)
    EXTI15_10_IRQHandler                     0x080001a3   Thumb Code     0  startup_stm32f10x_md.o(.text)
    EXTI1_IRQHandler                         0x080001a3   Thumb Code     0  startup_stm32f10x_md.o(.text)
    EXTI2_IRQHandler                         0x080001a3   Thumb Code     0  startup_stm32f10x_md.o(.text)
    EXTI3_IRQHandler                         0x080001a3   Thumb Code     0  startup_stm32f10x_md.o(.text)
    EXTI4_IRQHandler                         0x080001a3   Thumb Code     0  startup_stm32f10x_md.o(.text)
    EXTI9_5_IRQHandler                       0x080001a3   Thumb Code     0  startup_stm32f10x_md.o(.text)
    FLASH_IRQHandler                         0x080001a3   Thumb Code     0  startup_stm32f10x_md.o(.text)
    I2C1_ER_IRQHandler                       0x080001a3   Thumb Code     0  startup_stm32f10x_md.o(.text)
    I2C1_EV_IRQHandler                       0x080001a3   Thumb Code     0  startup_stm32f10x_md.o(.text)
    I2C2_ER_IRQHandler                       0x080001a3   Thumb Code     0  startup_stm32f10x_md.o(.text)
    I2C2_EV_IRQHandler                       0x080001a3   Thumb Code     0  startup_stm32f10x_md.o(.text)
    PVD_IRQHandler                           0x080001a3   Thumb Code     0  startup_stm32f10x_md.o(.text)
    RCC_IRQHandler                           0x080001a3   Thumb Code     0  startup_stm32f10x_md.o(.text)
    RTCAlarm_IRQHandler                      0x080001a3   Thumb Code     0  startup_stm32f10x_md.o(.text)
    RTC_IRQHandler                           0x080001a3   Thumb Code     0  startup_stm32f10x_md.o(.text)
    SPI1_IRQHandler                          0x080001a3   Thumb Code     0  startup_stm32f10x_md.o(.text)
    SPI2_IRQHandler                          0x080001a3   Thumb Code     0  startup_stm32f10x_md.o(.text)
    TAMPER_IRQHandler                        0x080001a3   Thumb Code     0  startup_stm32f10x_md.o(.text)
    TIM1_BRK_IRQHandler                      0x080001a3   Thumb Code     0  startup_stm32f10x_md.o(.text)
    TIM1_CC_IRQHandler                       0x080001a3   Thumb Code     0  startup_stm32f10x_md.o(.text)
    TIM1_TRG_COM_IRQHandler                  0x080001a3   Thumb Code     0  startup_stm32f10x_md.o(.text)
    TIM1_UP_IRQHandler                       0x080001a3   Thumb Code     0  startup_stm32f10x_md.o(.text)
    TIM2_IRQHandler                          0x080001a3   Thumb Code     0  startup_stm32f10x_md.o(.text)
    TIM4_IRQHandler                          0x080001a3   Thumb Code     0  startup_stm32f10x_md.o(.text)
    USART2_IRQHandler                        0x080001a3   Thumb Code     0  startup_stm32f10x_md.o(.text)
    USART3_IRQHandler                        0x080001a3   Thumb Code     0  startup_stm32f10x_md.o(.text)
    USBWakeUp_IRQHandler                     0x080001a3   Thumb Code     0  startup_stm32f10x_md.o(.text)
    USB_HP_CAN1_TX_IRQHandler                0x080001a3   Thumb Code     0  startup_stm32f10x_md.o(.text)
    USB_LP_CAN1_RX0_IRQHandler               0x080001a3   Thumb Code     0  startup_stm32f10x_md.o(.text)
    WWDG_IRQHandler                          0x080001a3   Thumb Code     0  startup_stm32f10x_md.o(.text)
    __user_initial_stackheap                 0x080001a5   Thumb Code     0  startup_stm32f10x_md.o(.text)
    __use_two_region_memory                  0x080001c9   Thumb Code     2  heapauxi.o(.text)
    __rt_heap_escrow$2region                 0x080001cb   Thumb Code     2  heapauxi.o(.text)
    __rt_heap_expand$2region                 0x080001cd   Thumb Code     2  heapauxi.o(.text)
    __read_errno                             0x080001cf   Thumb Code    10  _rserrno.o(.text)
    __set_errno                              0x080001d9   Thumb Code    12  _rserrno.o(.text)
    __aeabi_errno_addr                       0x080001e5   Thumb Code     8  rt_errno_addr_intlibspace.o(.text)
    __errno$intlibspace                      0x080001e5   Thumb Code     0  rt_errno_addr_intlibspace.o(.text)
    __rt_errno_addr$intlibspace              0x080001e5   Thumb Code     0  rt_errno_addr_intlibspace.o(.text)
    __user_libspace                          0x080001ed   Thumb Code     8  libspace.o(.text)
    __user_perproc_libspace                  0x080001ed   Thumb Code     0  libspace.o(.text)
    __user_perthread_libspace                0x080001ed   Thumb Code     0  libspace.o(.text)
    __user_setup_stackheap                   0x080001f5   Thumb Code    74  sys_stackheap_outer.o(.text)
    exit                                     0x0800023f   Thumb Code    18  exit.o(.text)
    _sys_exit                                0x08000251   Thumb Code     8  sys_exit.o(.text)
    __I$use$semihosting                      0x0800025d   Thumb Code     0  use_no_semi.o(.text)
    __use_no_semihosting_swi                 0x0800025d   Thumb Code     2  use_no_semi.o(.text)
    ADC_Cmd                                  0x0800025f   Thumb Code    22  stm32f10x_adc.o(i.ADC_Cmd)
    __semihosting_library_function           0x0800025f   Thumb Code     0  indicate_semi.o(.text)
    ADC_DMACmd                               0x08000275   Thumb Code    22  stm32f10x_adc.o(i.ADC_DMACmd)
    ADC_DMA_Init                             0x0800028d   Thumb Code   240  adc_dma.o(i.ADC_DMA_Init)
    ADC_GetCalibrationStatus                 0x0800038d   Thumb Code    20  stm32f10x_adc.o(i.ADC_GetCalibrationStatus)
    ADC_GetResetCalibrationStatus            0x080003a1   Thumb Code    20  stm32f10x_adc.o(i.ADC_GetResetCalibrationStatus)
    ADC_Init                                 0x080003b5   Thumb Code    70  stm32f10x_adc.o(i.ADC_Init)
    ADC_RegularChannelConfig                 0x08000405   Thumb Code   184  stm32f10x_adc.o(i.ADC_RegularChannelConfig)
    ADC_ResetCalibration                     0x080004bd   Thumb Code    10  stm32f10x_adc.o(i.ADC_ResetCalibration)
    ADC_SoftwareStartConvCmd                 0x080004c7   Thumb Code    22  stm32f10x_adc.o(i.ADC_SoftwareStartConvCmd)
    ADC_StartCalibration                     0x080004dd   Thumb Code    10  stm32f10x_adc.o(i.ADC_StartCalibration)
    AttitudeToMotors                         0x080004e9   Thumb Code   236  controller.o(i.AttitudeToMotors)
    BusFault_Handler                         0x0800060d   Thumb Code     4  stm32f10x_it.o(i.BusFault_Handler)
    CF_1st                                   0x08000611   Thumb Code   126  filter.o(i.CF_1st)
    CF_Factor_Cal                            0x0800068f   Thumb Code    26  filter.o(i.CF_Factor_Cal)
    CalibrateMPU6050                         0x080006a9   Thumb Code   284  imu.o(i.CalibrateMPU6050)
    CheckSum                                 0x080007e9   Thumb Code    28  func.o(i.CheckSum)
    DCM_CF                                   0x08000805   Thumb Code   312  filter.o(i.DCM_CF)
    DMA_Cmd                                  0x08000965   Thumb Code    24  stm32f10x_dma.o(i.DMA_Cmd)
    DMA_DeInit                               0x0800097d   Thumb Code   324  stm32f10x_dma.o(i.DMA_DeInit)
    DMA_Init                                 0x08000ac9   Thumb Code    60  stm32f10x_dma.o(i.DMA_Init)
    DebugMon_Handler                         0x08000b05   Thumb Code     2  stm32f10x_it.o(i.DebugMon_Handler)
    EE_Init                                  0x08000b9d   Thumb Code   488  eeprom.o(i.EE_Init)
    EE_ReadVariable                          0x08000e85   Thumb Code    92  eeprom.o(i.EE_ReadVariable)
    EE_Read_ACC_GYRO_Offset                  0x08000ee5   Thumb Code    74  func.o(i.EE_Read_ACC_GYRO_Offset)
    EE_Read_PID                              0x08000f39   Thumb Code   274  func.o(i.EE_Read_PID)
    EE_Read_Rate_PID                         0x08001061   Thumb Code   274  func.o(i.EE_Read_Rate_PID)
    EE_WriteVariable                         0x080011f5   Thumb Code    36  eeprom.o(i.EE_WriteVariable)
    EE_Write_ACC_GYRO_Offset                 0x08001219   Thumb Code    88  func.o(i.EE_Write_ACC_GYRO_Offset)
    EE_Write_PID                             0x08001279   Thumb Code   256  func.o(i.EE_Write_PID)
    EE_Write_Rate_PID                        0x0800138d   Thumb Code   256  func.o(i.EE_Write_Rate_PID)
    EnableCalibration                        0x080014a1   Thumb Code     8  imu.o(i.EnableCalibration)
    FLASH_ErasePage                          0x080014ad   Thumb Code    72  stm32f10x_flash.o(i.FLASH_ErasePage)
    FLASH_GetBank1Status                     0x080014f9   Thumb Code    48  stm32f10x_flash.o(i.FLASH_GetBank1Status)
    FLASH_ProgramHalfWord                    0x0800152d   Thumb Code    60  stm32f10x_flash.o(i.FLASH_ProgramHalfWord)
    FLASH_Unlock                             0x0800156d   Thumb Code    12  stm32f10x_flash.o(i.FLASH_Unlock)
    FLASH_WaitForLastOperation               0x08001585   Thumb Code    38  stm32f10x_flash.o(i.FLASH_WaitForLastOperation)
    FilterInit                               0x080015ad   Thumb Code    16  filter.o(i.FilterInit)
    GPIO_Configuration                       0x080015c9   Thumb Code    58  main.o(i.GPIO_Configuration)
    GPIO_Init                                0x0800160d   Thumb Code   278  stm32f10x_gpio.o(i.GPIO_Init)
    GPIO_ResetBits                           0x08001723   Thumb Code     4  stm32f10x_gpio.o(i.GPIO_ResetBits)
    GPIO_SetBits                             0x08001727   Thumb Code     4  stm32f10x_gpio.o(i.GPIO_SetBits)
    GetADCValue                              0x0800172d   Thumb Code    30  adc_dma.o(i.GetADCValue)
    GetAccGyroOffset                         0x08001751   Thumb Code   152  func.o(i.GetAccGyroOffset)
    GetDeltaT                                0x080017ed   Thumb Code    44  imu.o(i.GetDeltaT)
    GetEulerAngle                            0x08001825   Thumb Code   182  imu.o(i.GetEulerAngle)
    GetMPU6050Data                           0x080018f5   Thumb Code   164  imu.o(i.GetMPU6050Data)
    GetPID                                   0x080019a5   Thumb Code   320  controller.o(i.GetPID)
    GetRatePID                               0x08001af5   Thumb Code   320  controller.o(i.GetRatePID)
    GetState                                 0x08001c45   Thumb Code   496  func.o(i.GetState)
    GetSysTime_us                            0x08001e6d   Thumb Code    58  delay.o(i.GetSysTime_us)
    Getdesireddata                           0x08001eb1   Thumb Code   388  controller.o(i.Getdesireddata)
    HardFault_Handler                        0x08002069   Thumb Code     4  stm32f10x_it.o(i.HardFault_Handler)
    IIC_Ack                                  0x0800206d   Thumb Code    64  ioi2c.o(i.IIC_Ack)
    IIC_Init                                 0x080020b9   Thumb Code    56  ioi2c.o(i.IIC_Init)
    IIC_NAck                                 0x080020f5   Thumb Code    62  ioi2c.o(i.IIC_NAck)
    IIC_Read_Byte                            0x08002141   Thumb Code    98  ioi2c.o(i.IIC_Read_Byte)
    IIC_Send_Byte                            0x080021b1   Thumb Code    88  ioi2c.o(i.IIC_Send_Byte)
    IIC_Start                                0x08002215   Thumb Code    64  ioi2c.o(i.IIC_Start)
    IIC_Stop                                 0x08002261   Thumb Code    62  ioi2c.o(i.IIC_Stop)
    IIC_Wait_Ack                             0x080022ad   Thumb Code    92  ioi2c.o(i.IIC_Wait_Ack)
    IICreadBytes                             0x08002315   Thumb Code   100  ioi2c.o(i.IICreadBytes)
    IICwriteByte                             0x08002379   Thumb Code    20  ioi2c.o(i.IICwriteByte)
    IICwriteBytes                            0x0800238d   Thumb Code    70  ioi2c.o(i.IICwriteBytes)
    MOTORLimit                               0x080023d5   Thumb Code    38  controller.o(i.MOTORLimit)
    MPU6050_GPIO_Init                        0x08002405   Thumb Code    30  mpu6050.o(i.MPU6050_GPIO_Init)
    MPU6050_getMotion                        0x08002429   Thumb Code    18  mpu6050.o(i.MPU6050_getMotion)
    MPU6050_initialize                       0x0800243b   Thumb Code    78  mpu6050.o(i.MPU6050_initialize)
    MemManage_Handler                        0x08002489   Thumb Code     4  stm32f10x_it.o(i.MemManage_Handler)
    Motor_Init                               0x0800248d   Thumb Code   208  motor.o(i.Motor_Init)
    Motor_SetPwm                             0x08002569   Thumb Code    90  motor.o(i.Motor_SetPwm)
    NMI_Handler                              0x080025c9   Thumb Code     2  stm32f10x_it.o(i.NMI_Handler)
    NRF24l01_Recv                            0x080025cb   Thumb Code    84  nrf24l01.o(i.NRF24l01_Recv)
    NRF24l01_SetRxMode                       0x08002621   Thumb Code    72  nrf24l01.o(i.NRF24l01_SetRxMode)
    NRF_BackPacket                           0x08002671   Thumb Code    38  nrf24l01.o(i.NRF_BackPacket)
    NRF_Read_Buf                             0x0800269d   Thumb Code    64  nrf24l01.o(i.NRF_Read_Buf)
    NRF_Read_Reg                             0x080026e1   Thumb Code    42  nrf24l01.o(i.NRF_Read_Reg)
    NRF_SendData                             0x08002711   Thumb Code    40  nrf24l01.o(i.NRF_SendData)
    NRF_SendPacket                           0x0800273d   Thumb Code    48  nrf24l01.o(i.NRF_SendPacket)
    NRF_Write_Buf                            0x08002775   Thumb Code    62  nrf24l01.o(i.NRF_Write_Buf)
    NRF_Write_Reg                            0x080027b9   Thumb Code    44  nrf24l01.o(i.NRF_Write_Reg)
    NVIC_Configuration                       0x080027e9   Thumb Code    50  main.o(i.NVIC_Configuration)
    NVIC_Init                                0x0800281d   Thumb Code   100  misc.o(i.NVIC_Init)
    NVIC_PriorityGroupConfig                 0x0800288d   Thumb Code    10  misc.o(i.NVIC_PriorityGroupConfig)
    NVIC_SetVectorTable                      0x080028a1   Thumb Code    12  misc.o(i.NVIC_SetVectorTable)
    Nrf24l01_Check                           0x080028b5   Thumb Code    62  nrf24l01.o(i.Nrf24l01_Check)
    Nrf24l01_Init                            0x080028f9   Thumb Code    74  nrf24l01.o(i.Nrf24l01_Init)
    PendSV_Handler                           0x08002951   Thumb Code     2  stm32f10x_it.o(i.PendSV_Handler)
    RCC_AHBPeriphClockCmd                    0x08002955   Thumb Code    26  stm32f10x_rcc.o(i.RCC_AHBPeriphClockCmd)
    RCC_APB1PeriphClockCmd                   0x08002975   Thumb Code    26  stm32f10x_rcc.o(i.RCC_APB1PeriphClockCmd)
    RCC_APB2PeriphClockCmd                   0x08002995   Thumb Code    26  stm32f10x_rcc.o(i.RCC_APB2PeriphClockCmd)
    RCC_Configuration                        0x080029b5   Thumb Code    14  main.o(i.RCC_Configuration)
    RCC_GetClocksFreq                        0x080029c5   Thumb Code   192  stm32f10x_rcc.o(i.RCC_GetClocksFreq)
    SPI_Cmd                                  0x08002a99   Thumb Code    24  stm32f10x_spi.o(i.SPI_Cmd)
    SPI_I2S_GetFlagStatus                    0x08002ab1   Thumb Code    18  stm32f10x_spi.o(i.SPI_I2S_GetFlagStatus)
    SPI_I2S_ReceiveData                      0x08002ac3   Thumb Code     6  stm32f10x_spi.o(i.SPI_I2S_ReceiveData)
    SPI_I2S_SendData                         0x08002ac9   Thumb Code     4  stm32f10x_spi.o(i.SPI_I2S_SendData)
    SPI_Init                                 0x08002acd   Thumb Code    60  stm32f10x_spi.o(i.SPI_Init)
    SPI_NRF_Init                             0x08002b09   Thumb Code   222  spi.o(i.SPI_NRF_Init)
    SPI_RW                                   0x08002bf1   Thumb Code    50  spi.o(i.SPI_RW)
    SVC_Handler                              0x08002c29   Thumb Code     2  stm32f10x_it.o(i.SVC_Handler)
    SetAccGyroOffset                         0x08002c2d   Thumb Code    94  func.o(i.SetAccGyroOffset)
    SetPID                                   0x08002c91   Thumb Code   338  controller.o(i.SetPID)
    SetRatePID                               0x08002df9   Thumb Code   338  controller.o(i.SetRatePID)
    Single_WriteI2C                          0x08003049   Thumb Code    18  mpu6050.o(i.Single_WriteI2C)
    SysTick_Handler                          0x0800305d   Thumb Code    22  stm32f10x_it.o(i.SysTick_Handler)
    SystemInit                               0x0800307d   Thumb Code    78  system_stm32f10x.o(i.SystemInit)
    TIM3_IRQHandler                          0x080030dd   Thumb Code     6  stm32f10x_it.o(i.TIM3_IRQHandler)
    TIM_ARRPreloadConfig                     0x080030e9   Thumb Code    24  stm32f10x_tim.o(i.TIM_ARRPreloadConfig)
    TIM_Cmd                                  0x08003101   Thumb Code    24  stm32f10x_tim.o(i.TIM_Cmd)
    TIM_OC1Init                              0x08003119   Thumb Code   132  stm32f10x_tim.o(i.TIM_OC1Init)
    TIM_OC1PreloadConfig                     0x080031b1   Thumb Code    18  stm32f10x_tim.o(i.TIM_OC1PreloadConfig)
    TIM_OC2Init                              0x080031c5   Thumb Code   154  stm32f10x_tim.o(i.TIM_OC2Init)
    TIM_OC2PreloadConfig                     0x08003269   Thumb Code    26  stm32f10x_tim.o(i.TIM_OC2PreloadConfig)
    TIM_OC3Init                              0x08003285   Thumb Code   150  stm32f10x_tim.o(i.TIM_OC3Init)
    TIM_OC3PreloadConfig                     0x08003325   Thumb Code    18  stm32f10x_tim.o(i.TIM_OC3PreloadConfig)
    TIM_OC4Init                              0x08003339   Thumb Code   114  stm32f10x_tim.o(i.TIM_OC4Init)
    TIM_OC4PreloadConfig                     0x080033b5   Thumb Code    26  stm32f10x_tim.o(i.TIM_OC4PreloadConfig)
    TIM_TimeBaseInit                         0x080033d1   Thumb Code   122  stm32f10x_tim.o(i.TIM_TimeBaseInit)
    USART1_Configuration                     0x08003475   Thumb Code   116  usart.o(i.USART1_Configuration)
    USART1_IRQHandler                        0x080034f1   Thumb Code    60  stm32f10x_it.o(i.USART1_IRQHandler)
    USART_Cmd                                0x0800353d   Thumb Code    24  stm32f10x_usart.o(i.USART_Cmd)
    USART_GetFlagStatus                      0x08003555   Thumb Code    26  stm32f10x_usart.o(i.USART_GetFlagStatus)
    USART_GetITStatus                        0x0800356f   Thumb Code    84  stm32f10x_usart.o(i.USART_GetITStatus)
    USART_ITConfig                           0x080035c3   Thumb Code    74  stm32f10x_usart.o(i.USART_ITConfig)
    USART_Init                               0x0800360d   Thumb Code   210  stm32f10x_usart.o(i.USART_Init)
    USART_OUT                                0x080036e5   Thumb Code   270  usart.o(i.USART_OUT)
    USART_ReceiveData                        0x080037f3   Thumb Code    10  stm32f10x_usart.o(i.USART_ReceiveData)
    USART_SendData                           0x080037fd   Thumb Code     8  stm32f10x_usart.o(i.USART_SendData)
    UsageFault_Handler                       0x08003805   Thumb Code     4  stm32f10x_it.o(i.UsageFault_Handler)
    __ARM_fpclassifyf                        0x08003809   Thumb Code    38  fpclassifyf.o(i.__ARM_fpclassifyf)
    __mathlib_flt_infnan                     0x0800382f   Thumb Code     6  funder.o(i.__mathlib_flt_infnan)
    __mathlib_flt_infnan2                    0x08003835   Thumb Code     4  funder.o(i.__mathlib_flt_infnan2)
    __mathlib_flt_invalid                    0x08003839   Thumb Code     8  funder.o(i.__mathlib_flt_invalid)
    __mathlib_flt_underflow                  0x08003841   Thumb Code    10  funder.o(i.__mathlib_flt_underflow)
    __mathlib_rredf2                         0x0800384d   Thumb Code   344  rredf.o(i.__mathlib_rredf2)
    atan2f                                   0x080039b5   Thumb Code   528  atan2f.o(i.atan2f)
    controllerCorrectAttitudePID             0x08003c11   Thumb Code   176  controller.o(i.controllerCorrectAttitudePID)
    controllerCorrectRatePID                 0x08003cd9   Thumb Code   162  controller.o(i.controllerCorrectRatePID)
    controllerInit                           0x08003d99   Thumb Code   224  controller.o(i.controllerInit)
    cosf                                     0x08003ec1   Thumb Code   328  cosf.o(i.cosf)
    cycleCounterInit                         0x0800403d   Thumb Code    26  delay.o(i.cycleCounterInit)
    degrees                                  0x08004061   Thumb Code    14  filter.o(i.degrees)
    delay_ms                                 0x08004075   Thumb Code    34  delay.o(i.delay_ms)
    delay_us                                 0x08004097   Thumb Code    28  delay.o(i.delay_us)
    from_euler                               0x08004125   Thumb Code   568  filter.o(i.from_euler)
    get_rollpitch                            0x0800435d   Thumb Code    84  filter.o(i.get_rollpitch)
    iirLPFilterSingle                        0x080043b5   Thumb Code    50  filter.o(i.iirLPFilterSingle)
    imuAccIIRLPFilter                        0x080043e7   Thumb Code    56  filter.o(i.imuAccIIRLPFilter)
    itoa                                     0x0800441f   Thumb Code   100  usart.o(i.itoa)
    main                                     0x08004485   Thumb Code  1236  main.o(i.main)
    pidInit                                  0x08004959   Thumb Code    28  pid.o(i.pidInit)
    pidSetDesired                            0x08004975   Thumb Code     4  pid.o(i.pidSetDesired)
    pidSetError                              0x08004979   Thumb Code     4  pid.o(i.pidSetError)
    pidSetIntegralLimit                      0x0800497d   Thumb Code     4  pid.o(i.pidSetIntegralLimit)
    pidSetIntegralLimitLow                   0x08004981   Thumb Code     4  pid.o(i.pidSetIntegralLimitLow)
    pidUpdate                                0x08004985   Thumb Code   154  pid.o(i.pidUpdate)
    sinf                                     0x08004a25   Thumb Code   338  sinf.o(i.sinf)
    sqrtf                                    0x08004bad   Thumb Code    44  sqrtf.o(i.sqrtf)
    __aeabi_d2f                              0x08004bd9   Thumb Code     0  d2f.o(x$fpl$d2f)
    _d2f                                     0x08004bd9   Thumb Code    98  d2f.o(x$fpl$d2f)
    __aeabi_dadd                             0x08004c3d   Thumb Code     0  daddsub_clz.o(x$fpl$dadd)
    _dadd                                    0x08004c3d   Thumb Code   332  daddsub_clz.o(x$fpl$dadd)
    __fpl_dcmp_Inf                           0x08004d8d   Thumb Code    24  dcmpi.o(x$fpl$dcmpinf)
    __aeabi_ddiv                             0x08004da5   Thumb Code     0  ddiv.o(x$fpl$ddiv)
    _ddiv                                    0x08004da5   Thumb Code   552  ddiv.o(x$fpl$ddiv)
    __aeabi_d2iz                             0x08005055   Thumb Code     0  dfix.o(x$fpl$dfix)
    _dfix                                    0x08005055   Thumb Code    94  dfix.o(x$fpl$dfix)
    __aeabi_d2uiz                            0x080050b5   Thumb Code     0  dfixu.o(x$fpl$dfixu)
    _dfixu                                   0x080050b5   Thumb Code    90  dfixu.o(x$fpl$dfixu)
    __aeabi_i2d                              0x0800510f   Thumb Code     0  dflt_clz.o(x$fpl$dflt)
    _dflt                                    0x0800510f   Thumb Code    46  dflt_clz.o(x$fpl$dflt)
    __aeabi_ui2d                             0x0800513d   Thumb Code     0  dflt_clz.o(x$fpl$dfltu)
    _dfltu                                   0x0800513d   Thumb Code    38  dflt_clz.o(x$fpl$dfltu)
    __aeabi_cdcmple                          0x08005165   Thumb Code     0  dleqf.o(x$fpl$dleqf)
    _dcmple                                  0x08005165   Thumb Code   120  dleqf.o(x$fpl$dleqf)
    __fpl_dcmple_InfNaN                      0x080051c7   Thumb Code     0  dleqf.o(x$fpl$dleqf)
    __aeabi_dmul                             0x080051dd   Thumb Code     0  dmul.o(x$fpl$dmul)
    _dmul                                    0x080051dd   Thumb Code   332  dmul.o(x$fpl$dmul)
    __fpl_dnaninf                            0x08005331   Thumb Code   156  dnaninf.o(x$fpl$dnaninf)
    __fpl_dretinf                            0x080053cd   Thumb Code    12  dretinf.o(x$fpl$dretinf)
    __aeabi_cdrcmple                         0x080053d9   Thumb Code     0  drleqf.o(x$fpl$drleqf)
    _drcmple                                 0x080053d9   Thumb Code   108  drleqf.o(x$fpl$drleqf)
    __aeabi_dsub                             0x08005445   Thumb Code     0  daddsub_clz.o(x$fpl$dsub)
    _dsub                                    0x08005445   Thumb Code   464  daddsub_clz.o(x$fpl$dsub)
    __aeabi_f2d                              0x08005619   Thumb Code     0  f2d.o(x$fpl$f2d)
    _f2d                                     0x08005619   Thumb Code    86  f2d.o(x$fpl$f2d)
    __aeabi_fadd                             0x08005671   Thumb Code     0  faddsub_clz.o(x$fpl$fadd)
    _fadd                                    0x08005671   Thumb Code   196  faddsub_clz.o(x$fpl$fadd)
    __fpl_fcheck_NaN1                        0x08005735   Thumb Code     6  fcheck1.o(x$fpl$fcheck1)
    __fpl_fcmp_Inf                           0x08005741   Thumb Code    24  fcmpi.o(x$fpl$fcmpinf)
    __aeabi_fdiv                             0x08005759   Thumb Code     0  fdiv.o(x$fpl$fdiv)
    _fdiv                                    0x08005759   Thumb Code   384  fdiv.o(x$fpl$fdiv)
    __aeabi_f2iz                             0x080058dd   Thumb Code     0  ffix.o(x$fpl$ffix)
    _ffix                                    0x080058dd   Thumb Code    54  ffix.o(x$fpl$ffix)
    __aeabi_f2uiz                            0x08005915   Thumb Code     0  ffixu.o(x$fpl$ffixu)
    _ffixu                                   0x08005915   Thumb Code    62  ffixu.o(x$fpl$ffixu)
    __aeabi_i2f                              0x08005955   Thumb Code     0  fflt_clz.o(x$fpl$fflt)
    _fflt                                    0x08005955   Thumb Code    48  fflt_clz.o(x$fpl$fflt)
    __aeabi_ui2f                             0x08005985   Thumb Code     0  fflt_clz.o(x$fpl$ffltu)
    _ffltu                                   0x08005985   Thumb Code    38  fflt_clz.o(x$fpl$ffltu)
    __aeabi_cfcmple                          0x080059ad   Thumb Code     0  fleqf.o(x$fpl$fleqf)
    _fcmple                                  0x080059ad   Thumb Code   104  fleqf.o(x$fpl$fleqf)
    __fpl_fcmple_InfNaN                      0x080059ff   Thumb Code     0  fleqf.o(x$fpl$fleqf)
    __aeabi_fmul                             0x08005a15   Thumb Code     0  fmul.o(x$fpl$fmul)
    _fmul                                    0x08005a15   Thumb Code   258  fmul.o(x$fpl$fmul)
    __fpl_fnaninf                            0x08005b17   Thumb Code   140  fnaninf.o(x$fpl$fnaninf)
    __fpl_fretinf                            0x08005ba3   Thumb Code    10  fretinf.o(x$fpl$fretinf)
    __aeabi_cfrcmple                         0x08005bad   Thumb Code     0  frleqf.o(x$fpl$frleqf)
    _frcmple                                 0x08005bad   Thumb Code    98  frleqf.o(x$fpl$frleqf)
    _frnd                                    0x08005c11   Thumb Code    96  frnd.o(x$fpl$frnd)
    __aeabi_frsub                            0x08005c71   Thumb Code     0  faddsub_clz.o(x$fpl$frsb)
    _frsb                                    0x08005c71   Thumb Code    20  faddsub_clz.o(x$fpl$frsb)
    _fsqrt                                   0x08005c85   Thumb Code   272  fsqrt.o(x$fpl$fsqrt)
    __aeabi_fsub                             0x08005d95   Thumb Code     0  faddsub_clz.o(x$fpl$fsub)
    _fsub                                    0x08005d95   Thumb Code   234  faddsub_clz.o(x$fpl$fsub)
    __fpl_return_NaN                         0x08005e7f   Thumb Code   100  retnan.o(x$fpl$retnan)
    __ARM_scalbnf                            0x08005ee3   Thumb Code    76  scalbnf.o(x$fpl$scalbnf)
    __fpl_cmpreturn                          0x08005f2f   Thumb Code    48  trapv.o(x$fpl$trapveneer)
    __I$use$fp                               0x08005f5e   Number         0  usenofp.o(x$fpl$usenofp)
    Region$$Table$$Base                      0x08005f80   Number         0  anon$$obj.o(Region$$Table)
    Region$$Table$$Limit                     0x08005fa0   Number         0  anon$$obj.o(Region$$Table)
    ticktack                                 0x20000004   Data           4  delay.o(.data)
    TIMIRQCNT                                0x20000008   Data           4  delay.o(.data)
    calibration_flag                         0x2000000c   Data           1  imu.o(.data)
    gyro_cf                                  0x20000038   Data           4  filter.o(.data)
    rollOutput                               0x20000054   Data           2  controller.o(.data)
    pitchOutput                              0x20000056   Data           2  controller.o(.data)
    yawOutput                                0x20000058   Data           2  controller.o(.data)
    Motor_Thr                                0x2000005c   Data           4  controller.o(.data)
    Motor_Ele                                0x20000060   Data           4  controller.o(.data)
    Motor_Ail                                0x20000064   Data           4  controller.o(.data)
    Motor_Rud                                0x20000068   Data           4  controller.o(.data)
    MOTOR1                                   0x2000006c   Data           4  controller.o(.data)
    MOTOR2                                   0x20000070   Data           4  controller.o(.data)
    MOTOR3                                   0x20000074   Data           4  controller.o(.data)
    MOTOR4                                   0x20000078   Data           4  controller.o(.data)
    rud_sum                                  0x2000007c   Data           4  controller.o(.data)
    lock_flag                                0x20000080   Data           1  controller.o(.data)
    rollRateDesired                          0x20000084   Data           4  controller.o(.data)
    pitchRateDesired                         0x20000088   Data           4  controller.o(.data)
    yawRateDesired                           0x2000008c   Data           4  controller.o(.data)
    VirtAddVarTab                            0x20000092   Data          48  func.o(.data)
    SystemCoreClock                          0x200000c4   Data           4  system_stm32f10x.o(.data)
    AHBPrescTable                            0x200000c8   Data          16  system_stm32f10x.o(.data)
    RxCounter                                0x200000ec   Data           2  usart.o(.data)
    Rx_Flag                                  0x200000ee   Data           1  usart.o(.data)
    mode                                     0x200000ef   Data           1  nrf24l01.o(.data)
    TX_ADDRESS                               0x200000f0   Data           5  nrf24l01.o(.data)
    RX_ADDRESS                               0x200000f5   Data           5  nrf24l01.o(.data)
    DataVar                                  0x200000fa   Data           2  eeprom.o(.data)
    mpu_info                                 0x200000fc   Data          24  imu.o(.bss)
    mpu6050_buffer                           0x20000114   Data          14  imu.o(.bss)
    angle                                    0x20000130   Data          12  filter.o(.bss)
    pidRollRate                              0x20000154   Data          56  controller.o(.bss)
    pidPitchRate                             0x2000018c   Data          56  controller.o(.bss)
    pidYawRate                               0x200001c4   Data          56  controller.o(.bss)
    pidRoll                                  0x200001fc   Data          56  controller.o(.bss)
    pidPitch                                 0x20000234   Data          56  controller.o(.bss)
    pidYaw                                   0x2000026c   Data          56  controller.o(.bss)
    RxBuffer                                 0x200002a4   Data          60  usart.o(.bss)
    ADC_Value                                0x200002e0   Data          20  adc_dma.o(.bss)
    __libspace_start                         0x200002f4   Data          96  libspace.o(.bss)
    __temporary_stack_top$libspace           0x20000354   Data           0  libspace.o(.bss)



==============================================================================

Memory Map of the image

  Image Entry point : 0x080000ed

  Load Region LR_IROM1 (Base: 0x08000000, Size: 0x0000609c, Max: 0x00010000, ABSOLUTE)

    Execution Region ER_IROM1 (Base: 0x08000000, Size: 0x00005fa0, Max: 0x00010000, ABSOLUTE)

    Base Addr    Size         Type   Attr      Idx    E Section Name        Object

    0x08000000   0x000000ec   Data   RO          734    RESET               startup_stm32f10x_md.o
    0x080000ec   0x00000008   Code   RO         4159  * !!!main             c_w.l(__main.o)
    0x080000f4   0x00000034   Code   RO         4472    !!!scatter          c_w.l(__scatter.o)
    0x08000128   0x0000001a   Code   RO         4474    !!handler_copy      c_w.l(__scatter_copy.o)
    0x08000142   0x00000002   PAD
    0x08000144   0x0000001c   Code   RO         4476    !!handler_zi        c_w.l(__scatter_zi.o)
    0x08000160   0x00000002   Code   RO         4339    .ARM.Collect$$libinit$$00000000  c_w.l(libinit.o)
    0x08000162   0x00000000   Code   RO         4345    .ARM.Collect$$libinit$$00000002  c_w.l(libinit2.o)
    0x08000162   0x00000000   Code   RO         4347    .ARM.Collect$$libinit$$00000004  c_w.l(libinit2.o)
    0x08000162   0x00000000   Code   RO         4350    .ARM.Collect$$libinit$$0000000A  c_w.l(libinit2.o)
    0x08000162   0x00000000   Code   RO         4352    .ARM.Collect$$libinit$$0000000C  c_w.l(libinit2.o)
    0x08000162   0x00000000   Code   RO         4354    .ARM.Collect$$libinit$$0000000E  c_w.l(libinit2.o)
    0x08000162   0x00000000   Code   RO         4357    .ARM.Collect$$libinit$$00000011  c_w.l(libinit2.o)
    0x08000162   0x00000000   Code   RO         4359    .ARM.Collect$$libinit$$00000013  c_w.l(libinit2.o)
    0x08000162   0x00000000   Code   RO         4361    .ARM.Collect$$libinit$$00000015  c_w.l(libinit2.o)
    0x08000162   0x00000000   Code   RO         4363    .ARM.Collect$$libinit$$00000017  c_w.l(libinit2.o)
    0x08000162   0x00000000   Code   RO         4365    .ARM.Collect$$libinit$$00000019  c_w.l(libinit2.o)
    0x08000162   0x00000000   Code   RO         4367    .ARM.Collect$$libinit$$0000001B  c_w.l(libinit2.o)
    0x08000162   0x00000000   Code   RO         4369    .ARM.Collect$$libinit$$0000001D  c_w.l(libinit2.o)
    0x08000162   0x00000000   Code   RO         4371    .ARM.Collect$$libinit$$0000001F  c_w.l(libinit2.o)
    0x08000162   0x00000000   Code   RO         4373    .ARM.Collect$$libinit$$00000021  c_w.l(libinit2.o)
    0x08000162   0x00000000   Code   RO         4375    .ARM.Collect$$libinit$$00000023  c_w.l(libinit2.o)
    0x08000162   0x00000000   Code   RO         4377    .ARM.Collect$$libinit$$00000025  c_w.l(libinit2.o)
    0x08000162   0x00000000   Code   RO         4381    .ARM.Collect$$libinit$$0000002C  c_w.l(libinit2.o)
    0x08000162   0x00000000   Code   RO         4383    .ARM.Collect$$libinit$$0000002E  c_w.l(libinit2.o)
    0x08000162   0x00000000   Code   RO         4385    .ARM.Collect$$libinit$$00000030  c_w.l(libinit2.o)
    0x08000162   0x00000000   Code   RO         4387    .ARM.Collect$$libinit$$00000032  c_w.l(libinit2.o)
    0x08000162   0x00000002   Code   RO         4388    .ARM.Collect$$libinit$$00000033  c_w.l(libinit2.o)
    0x08000164   0x00000002   Code   RO         4412    .ARM.Collect$$libshutdown$$00000000  c_w.l(libshutdown.o)
    0x08000166   0x00000000   Code   RO         4425    .ARM.Collect$$libshutdown$$00000002  c_w.l(libshutdown2.o)
    0x08000166   0x00000000   Code   RO         4427    .ARM.Collect$$libshutdown$$00000004  c_w.l(libshutdown2.o)
    0x08000166   0x00000000   Code   RO         4430    .ARM.Collect$$libshutdown$$00000007  c_w.l(libshutdown2.o)
    0x08000166   0x00000000   Code   RO         4433    .ARM.Collect$$libshutdown$$0000000A  c_w.l(libshutdown2.o)
    0x08000166   0x00000000   Code   RO         4435    .ARM.Collect$$libshutdown$$0000000C  c_w.l(libshutdown2.o)
    0x08000166   0x00000000   Code   RO         4438    .ARM.Collect$$libshutdown$$0000000F  c_w.l(libshutdown2.o)
    0x08000166   0x00000002   Code   RO         4439    .ARM.Collect$$libshutdown$$00000010  c_w.l(libshutdown2.o)
    0x08000168   0x00000000   Code   RO         4257    .ARM.Collect$$rtentry$$00000000  c_w.l(__rtentry.o)
    0x08000168   0x00000000   Code   RO         4304    .ARM.Collect$$rtentry$$00000002  c_w.l(__rtentry2.o)
    0x08000168   0x00000006   Code   RO         4316    .ARM.Collect$$rtentry$$00000004  c_w.l(__rtentry4.o)
    0x0800016e   0x00000000   Code   RO         4306    .ARM.Collect$$rtentry$$00000009  c_w.l(__rtentry2.o)
    0x0800016e   0x00000004   Code   RO         4307    .ARM.Collect$$rtentry$$0000000A  c_w.l(__rtentry2.o)
    0x08000172   0x00000000   Code   RO         4309    .ARM.Collect$$rtentry$$0000000C  c_w.l(__rtentry2.o)
    0x08000172   0x00000008   Code   RO         4310    .ARM.Collect$$rtentry$$0000000D  c_w.l(__rtentry2.o)
    0x0800017a   0x00000002   Code   RO         4342    .ARM.Collect$$rtexit$$00000000  c_w.l(rtexit.o)
    0x0800017c   0x00000000   Code   RO         4392    .ARM.Collect$$rtexit$$00000002  c_w.l(rtexit2.o)
    0x0800017c   0x00000004   Code   RO         4393    .ARM.Collect$$rtexit$$00000003  c_w.l(rtexit2.o)
    0x08000180   0x00000006   Code   RO         4394    .ARM.Collect$$rtexit$$00000004  c_w.l(rtexit2.o)
    0x08000186   0x00000002   PAD
    0x08000188   0x00000040   Code   RO          735    .text               startup_stm32f10x_md.o
    0x080001c8   0x00000006   Code   RO         4157    .text               c_w.l(heapauxi.o)
    0x080001ce   0x00000016   Code   RO         4258    .text               c_w.l(_rserrno.o)
    0x080001e4   0x00000008   Code   RO         4321    .text               c_w.l(rt_errno_addr_intlibspace.o)
    0x080001ec   0x00000008   Code   RO         4327    .text               c_w.l(libspace.o)
    0x080001f4   0x0000004a   Code   RO         4330    .text               c_w.l(sys_stackheap_outer.o)
    0x0800023e   0x00000012   Code   RO         4332    .text               c_w.l(exit.o)
    0x08000250   0x0000000c   Code   RO         4404    .text               c_w.l(sys_exit.o)
    0x0800025c   0x00000002   Code   RO         4415    .text               c_w.l(use_no_semi.o)
    0x0800025e   0x00000000   Code   RO         4417    .text               c_w.l(indicate_semi.o)
    0x0800025e   0x00000016   Code   RO          781    i.ADC_Cmd           stm32f10x_adc.o
    0x08000274   0x00000016   Code   RO          782    i.ADC_DMACmd        stm32f10x_adc.o
    0x0800028a   0x00000002   PAD
    0x0800028c   0x00000100   Code   RO         4097    i.ADC_DMA_Init      adc_dma.o
    0x0800038c   0x00000014   Code   RO          789    i.ADC_GetCalibrationStatus  stm32f10x_adc.o
    0x080003a0   0x00000014   Code   RO          795    i.ADC_GetResetCalibrationStatus  stm32f10x_adc.o
    0x080003b4   0x00000050   Code   RO          799    i.ADC_Init          stm32f10x_adc.o
    0x08000404   0x000000b8   Code   RO          803    i.ADC_RegularChannelConfig  stm32f10x_adc.o
    0x080004bc   0x0000000a   Code   RO          804    i.ADC_ResetCalibration  stm32f10x_adc.o
    0x080004c6   0x00000016   Code   RO          806    i.ADC_SoftwareStartConvCmd  stm32f10x_adc.o
    0x080004dc   0x0000000a   Code   RO          808    i.ADC_StartCalibration  stm32f10x_adc.o
    0x080004e6   0x00000002   PAD
    0x080004e8   0x00000124   Code   RO          505    i.AttitudeToMotors  controller.o
    0x0800060c   0x00000004   Code   RO          207    i.BusFault_Handler  stm32f10x_it.o
    0x08000610   0x0000007e   Code   RO          345    i.CF_1st            filter.o
    0x0800068e   0x0000001a   Code   RO          346    i.CF_Factor_Cal     filter.o
    0x080006a8   0x00000140   Code   RO          294    i.CalibrateMPU6050  imu.o
    0x080007e8   0x0000001c   Code   RO          595    i.CheckSum          func.o
    0x08000804   0x00000160   Code   RO          347    i.DCM_CF            filter.o
    0x08000964   0x00000018   Code   RO         1469    i.DMA_Cmd           stm32f10x_dma.o
    0x0800097c   0x0000014c   Code   RO         1470    i.DMA_DeInit        stm32f10x_dma.o
    0x08000ac8   0x0000003c   Code   RO         1475    i.DMA_Init          stm32f10x_dma.o
    0x08000b04   0x00000002   Code   RO          210    i.DebugMon_Handler  stm32f10x_it.o
    0x08000b06   0x00000002   PAD
    0x08000b08   0x00000058   Code   RO         4025    i.EE_FindValidPage  eeprom.o
    0x08000b60   0x0000003c   Code   RO         4026    i.EE_Format         eeprom.o
    0x08000b9c   0x000001f8   Code   RO         4027    i.EE_Init           eeprom.o
    0x08000d94   0x000000f0   Code   RO         4028    i.EE_PageTransfer   eeprom.o
    0x08000e84   0x00000060   Code   RO         4029    i.EE_ReadVariable   eeprom.o
    0x08000ee4   0x00000054   Code   RO          596    i.EE_Read_ACC_GYRO_Offset  func.o
    0x08000f38   0x00000128   Code   RO          597    i.EE_Read_PID       func.o
    0x08001060   0x00000128   Code   RO          598    i.EE_Read_Rate_PID  func.o
    0x08001188   0x0000006c   Code   RO         4030    i.EE_VerifyPageFullWriteVariable  eeprom.o
    0x080011f4   0x00000024   Code   RO         4031    i.EE_WriteVariable  eeprom.o
    0x08001218   0x00000060   Code   RO          599    i.EE_Write_ACC_GYRO_Offset  func.o
    0x08001278   0x00000114   Code   RO          600    i.EE_Write_PID      func.o
    0x0800138c   0x00000114   Code   RO          601    i.EE_Write_Rate_PID  func.o
    0x080014a0   0x0000000c   Code   RO          295    i.EnableCalibration  imu.o
    0x080014ac   0x0000004c   Code   RO         1598    i.FLASH_ErasePage   stm32f10x_flash.o
    0x080014f8   0x00000034   Code   RO         1599    i.FLASH_GetBank1Status  stm32f10x_flash.o
    0x0800152c   0x00000040   Code   RO         1611    i.FLASH_ProgramHalfWord  stm32f10x_flash.o
    0x0800156c   0x00000018   Code   RO         1616    i.FLASH_Unlock      stm32f10x_flash.o
    0x08001584   0x00000026   Code   RO         1620    i.FLASH_WaitForLastOperation  stm32f10x_flash.o
    0x080015aa   0x00000002   PAD
    0x080015ac   0x0000001c   Code   RO          348    i.FilterInit        filter.o
    0x080015c8   0x00000044   Code   RO          116    i.GPIO_Configuration  main.o
    0x0800160c   0x00000116   Code   RO         1896    i.GPIO_Init         stm32f10x_gpio.o
    0x08001722   0x00000004   Code   RO         1903    i.GPIO_ResetBits    stm32f10x_gpio.o
    0x08001726   0x00000004   Code   RO         1904    i.GPIO_SetBits      stm32f10x_gpio.o
    0x0800172a   0x00000002   PAD
    0x0800172c   0x00000024   Code   RO         4098    i.GetADCValue       adc_dma.o
    0x08001750   0x0000009c   Code   RO          602    i.GetAccGyroOffset  func.o
    0x080017ec   0x00000038   Code   RO          296    i.GetDeltaT         imu.o
    0x08001824   0x000000d0   Code   RO          297    i.GetEulerAngle     imu.o
    0x080018f4   0x000000b0   Code   RO          298    i.GetMPU6050Data    imu.o
    0x080019a4   0x00000150   Code   RO          506    i.GetPID            controller.o
    0x08001af4   0x00000150   Code   RO          507    i.GetRatePID        controller.o
    0x08001c44   0x00000228   Code   RO          603    i.GetState          func.o
    0x08001e6c   0x00000044   Code   RO            1    i.GetSysTime_us     delay.o
    0x08001eb0   0x000001b8   Code   RO          508    i.Getdesireddata    controller.o
    0x08002068   0x00000004   Code   RO          211    i.HardFault_Handler  stm32f10x_it.o
    0x0800206c   0x0000004c   Code   RO         3884    i.IIC_Ack           ioi2c.o
    0x080020b8   0x0000003c   Code   RO         3885    i.IIC_Init          ioi2c.o
    0x080020f4   0x0000004c   Code   RO         3886    i.IIC_NAck          ioi2c.o
    0x08002140   0x00000070   Code   RO         3887    i.IIC_Read_Byte     ioi2c.o
    0x080021b0   0x00000064   Code   RO         3888    i.IIC_Send_Byte     ioi2c.o
    0x08002214   0x0000004c   Code   RO         3889    i.IIC_Start         ioi2c.o
    0x08002260   0x0000004c   Code   RO         3890    i.IIC_Stop          ioi2c.o
    0x080022ac   0x00000068   Code   RO         3891    i.IIC_Wait_Ack      ioi2c.o
    0x08002314   0x00000064   Code   RO         3893    i.IICreadBytes      ioi2c.o
    0x08002378   0x00000014   Code   RO         3896    i.IICwriteByte      ioi2c.o
    0x0800238c   0x00000046   Code   RO         3897    i.IICwriteBytes     ioi2c.o
    0x080023d2   0x00000002   PAD
    0x080023d4   0x00000030   Code   RO          509    i.MOTORLimit        controller.o
    0x08002404   0x00000024   Code   RO         3987    i.MPU6050_GPIO_Init  mpu6050.o
    0x08002428   0x00000012   Code   RO         3988    i.MPU6050_getMotion  mpu6050.o
    0x0800243a   0x0000004e   Code   RO         3989    i.MPU6050_initialize  mpu6050.o
    0x08002488   0x00000004   Code   RO          212    i.MemManage_Handler  stm32f10x_it.o
    0x0800248c   0x000000dc   Code   RO         4076    i.Motor_Init        motor.o
    0x08002568   0x00000060   Code   RO         4077    i.Motor_SetPwm      motor.o
    0x080025c8   0x00000002   Code   RO          213    i.NMI_Handler       stm32f10x_it.o
    0x080025ca   0x00000054   Code   RO         3799    i.NRF24l01_Recv     nrf24l01.o
    0x0800261e   0x00000002   PAD
    0x08002620   0x00000050   Code   RO         3800    i.NRF24l01_SetRxMode  nrf24l01.o
    0x08002670   0x0000002c   Code   RO         3802    i.NRF_BackPacket    nrf24l01.o
    0x0800269c   0x00000044   Code   RO         3803    i.NRF_Read_Buf      nrf24l01.o
    0x080026e0   0x00000030   Code   RO         3804    i.NRF_Read_Reg      nrf24l01.o
    0x08002710   0x0000002c   Code   RO         3805    i.NRF_SendData      nrf24l01.o
    0x0800273c   0x00000038   Code   RO         3806    i.NRF_SendPacket    nrf24l01.o
    0x08002774   0x00000044   Code   RO         3807    i.NRF_Write_Buf     nrf24l01.o
    0x080027b8   0x00000030   Code   RO         3808    i.NRF_Write_Reg     nrf24l01.o
    0x080027e8   0x00000032   Code   RO          117    i.NVIC_Configuration  main.o
    0x0800281a   0x00000002   PAD
    0x0800281c   0x00000070   Code   RO          739    i.NVIC_Init         misc.o
    0x0800288c   0x00000014   Code   RO          740    i.NVIC_PriorityGroupConfig  misc.o
    0x080028a0   0x00000014   Code   RO          741    i.NVIC_SetVectorTable  misc.o
    0x080028b4   0x00000044   Code   RO         3809    i.Nrf24l01_Check    nrf24l01.o
    0x080028f8   0x00000058   Code   RO         3810    i.Nrf24l01_Init     nrf24l01.o
    0x08002950   0x00000002   Code   RO          214    i.PendSV_Handler    stm32f10x_it.o
    0x08002952   0x00000002   PAD
    0x08002954   0x00000020   Code   RO         2311    i.RCC_AHBPeriphClockCmd  stm32f10x_rcc.o
    0x08002974   0x00000020   Code   RO         2312    i.RCC_APB1PeriphClockCmd  stm32f10x_rcc.o
    0x08002994   0x00000020   Code   RO         2314    i.RCC_APB2PeriphClockCmd  stm32f10x_rcc.o
    0x080029b4   0x0000000e   Code   RO          118    i.RCC_Configuration  main.o
    0x080029c2   0x00000002   PAD
    0x080029c4   0x000000d4   Code   RO         2322    i.RCC_GetClocksFreq  stm32f10x_rcc.o
    0x08002a98   0x00000018   Code   RO         2794    i.SPI_Cmd           stm32f10x_spi.o
    0x08002ab0   0x00000012   Code   RO         2802    i.SPI_I2S_GetFlagStatus  stm32f10x_spi.o
    0x08002ac2   0x00000006   Code   RO         2805    i.SPI_I2S_ReceiveData  stm32f10x_spi.o
    0x08002ac8   0x00000004   Code   RO         2806    i.SPI_I2S_SendData  stm32f10x_spi.o
    0x08002acc   0x0000003c   Code   RO         2807    i.SPI_Init          stm32f10x_spi.o
    0x08002b08   0x000000e8   Code   RO         3715    i.SPI_NRF_Init      spi.o
    0x08002bf0   0x00000038   Code   RO         3716    i.SPI_RW            spi.o
    0x08002c28   0x00000002   Code   RO          215    i.SVC_Handler       stm32f10x_it.o
    0x08002c2a   0x00000002   PAD
    0x08002c2c   0x00000064   Code   RO          604    i.SetAccGyroOffset  func.o
    0x08002c90   0x00000168   Code   RO          510    i.SetPID            controller.o
    0x08002df8   0x00000168   Code   RO          511    i.SetRatePID        controller.o
    0x08002f60   0x00000008   Code   RO          679    i.SetSysClock       system_stm32f10x.o
    0x08002f68   0x000000e0   Code   RO          680    i.SetSysClockTo72   system_stm32f10x.o
    0x08003048   0x00000012   Code   RO         3990    i.Single_WriteI2C   mpu6050.o
    0x0800305a   0x00000002   PAD
    0x0800305c   0x00000020   Code   RO          216    i.SysTick_Handler   stm32f10x_it.o
    0x0800307c   0x00000060   Code   RO          682    i.SystemInit        system_stm32f10x.o
    0x080030dc   0x0000000c   Code   RO          217    i.TIM3_IRQHandler   stm32f10x_it.o
    0x080030e8   0x00000018   Code   RO         2937    i.TIM_ARRPreloadConfig  stm32f10x_tim.o
    0x08003100   0x00000018   Code   RO         2949    i.TIM_Cmd           stm32f10x_tim.o
    0x08003118   0x00000098   Code   RO         2978    i.TIM_OC1Init       stm32f10x_tim.o
    0x080031b0   0x00000012   Code   RO         2981    i.TIM_OC1PreloadConfig  stm32f10x_tim.o
    0x080031c2   0x00000002   PAD
    0x080031c4   0x000000a4   Code   RO         2983    i.TIM_OC2Init       stm32f10x_tim.o
    0x08003268   0x0000001a   Code   RO         2986    i.TIM_OC2PreloadConfig  stm32f10x_tim.o
    0x08003282   0x00000002   PAD
    0x08003284   0x000000a0   Code   RO         2988    i.TIM_OC3Init       stm32f10x_tim.o
    0x08003324   0x00000012   Code   RO         2991    i.TIM_OC3PreloadConfig  stm32f10x_tim.o
    0x08003336   0x00000002   PAD
    0x08003338   0x0000007c   Code   RO         2993    i.TIM_OC4Init       stm32f10x_tim.o
    0x080033b4   0x0000001a   Code   RO         2995    i.TIM_OC4PreloadConfig  stm32f10x_tim.o
    0x080033ce   0x00000002   PAD
    0x080033d0   0x000000a4   Code   RO         3020    i.TIM_TimeBaseInit  stm32f10x_tim.o
    0x08003474   0x0000007c   Code   RO         3736    i.USART1_Configuration  usart.o
    0x080034f0   0x0000004c   Code   RO          218    i.USART1_IRQHandler  stm32f10x_it.o
    0x0800353c   0x00000018   Code   RO         3485    i.USART_Cmd         stm32f10x_usart.o
    0x08003554   0x0000001a   Code   RO         3488    i.USART_GetFlagStatus  stm32f10x_usart.o
    0x0800356e   0x00000054   Code   RO         3489    i.USART_GetITStatus  stm32f10x_usart.o
    0x080035c2   0x0000004a   Code   RO         3491    i.USART_ITConfig    stm32f10x_usart.o
    0x0800360c   0x000000d8   Code   RO         3492    i.USART_Init        stm32f10x_usart.o
    0x080036e4   0x0000010e   Code   RO         3738    i.USART_OUT         usart.o
    0x080037f2   0x0000000a   Code   RO         3499    i.USART_ReceiveData  stm32f10x_usart.o
    0x080037fc   0x00000008   Code   RO         3502    i.USART_SendData    stm32f10x_usart.o
    0x08003804   0x00000004   Code   RO          219    i.UsageFault_Handler  stm32f10x_it.o
    0x08003808   0x00000026   Code   RO         4284    i.__ARM_fpclassifyf  m_ws.l(fpclassifyf.o)
    0x0800382e   0x00000006   Code   RO         4287    i.__mathlib_flt_infnan  m_ws.l(funder.o)
    0x08003834   0x00000004   Code   RO         4288    i.__mathlib_flt_infnan2  m_ws.l(funder.o)
    0x08003838   0x00000008   Code   RO         4289    i.__mathlib_flt_invalid  m_ws.l(funder.o)
    0x08003840   0x0000000a   Code   RO         4292    i.__mathlib_flt_underflow  m_ws.l(funder.o)
    0x0800384a   0x00000002   PAD
    0x0800384c   0x00000168   Code   RO         4300    i.__mathlib_rredf2  m_ws.l(rredf.o)
    0x080039b4   0x0000025c   Code   RO         4226    i.atan2f            m_ws.l(atan2f.o)
    0x08003c10   0x000000c8   Code   RO          512    i.controllerCorrectAttitudePID  controller.o
    0x08003cd8   0x000000c0   Code   RO          513    i.controllerCorrectRatePID  controller.o
    0x08003d98   0x00000128   Code   RO          515    i.controllerInit    controller.o
    0x08003ec0   0x0000017c   Code   RO         4234    i.cosf              m_ws.l(cosf.o)
    0x0800403c   0x00000024   Code   RO            2    i.cycleCounterInit  delay.o
    0x08004060   0x00000014   Code   RO          349    i.degrees           filter.o
    0x08004074   0x00000022   Code   RO            3    i.delay_ms          delay.o
    0x08004096   0x0000001c   Code   RO            4    i.delay_us          delay.o
    0x080040b2   0x00000002   PAD
    0x080040b4   0x00000070   Code   RO          517    i.distributePower   controller.o
    0x08004124   0x00000238   Code   RO          350    i.from_euler        filter.o
    0x0800435c   0x00000058   Code   RO          351    i.get_rollpitch     filter.o
    0x080043b4   0x00000032   Code   RO          353    i.iirLPFilterSingle  filter.o
    0x080043e6   0x00000038   Code   RO          354    i.imuAccIIRLPFilter  filter.o
    0x0800441e   0x00000064   Code   RO         3739    i.itoa              usart.o
    0x08004482   0x00000002   PAD
    0x08004484   0x000004d4   Code   RO          119    i.main              main.o
    0x08004958   0x0000001c   Code   RO          422    i.pidInit           pid.o
    0x08004974   0x00000004   Code   RO          425    i.pidSetDesired     pid.o
    0x08004978   0x00000004   Code   RO          427    i.pidSetError       pid.o
    0x0800497c   0x00000004   Code   RO          428    i.pidSetIntegralLimit  pid.o
    0x08004980   0x00000004   Code   RO          429    i.pidSetIntegralLimitLow  pid.o
    0x08004984   0x000000a0   Code   RO          433    i.pidUpdate         pid.o
    0x08004a24   0x00000188   Code   RO         4242    i.sinf              m_ws.l(sinf.o)
    0x08004bac   0x0000002c   Code   RO         4250    i.sqrtf             m_ws.l(sqrtf.o)
    0x08004bd8   0x00000062   Code   RO         4161    x$fpl$d2f           fz_ws.l(d2f.o)
    0x08004c3a   0x00000002   PAD
    0x08004c3c   0x00000150   Code   RO         4163    x$fpl$dadd          fz_ws.l(daddsub_clz.o)
    0x08004d8c   0x00000018   Code   RO         4267    x$fpl$dcmpinf       fz_ws.l(dcmpi.o)
    0x08004da4   0x000002b0   Code   RO         4170    x$fpl$ddiv          fz_ws.l(ddiv.o)
    0x08005054   0x0000005e   Code   RO         4173    x$fpl$dfix          fz_ws.l(dfix.o)
    0x080050b2   0x00000002   PAD
    0x080050b4   0x0000005a   Code   RO         4177    x$fpl$dfixu         fz_ws.l(dfixu.o)
    0x0800510e   0x0000002e   Code   RO         4182    x$fpl$dflt          fz_ws.l(dflt_clz.o)
    0x0800513c   0x00000026   Code   RO         4181    x$fpl$dfltu         fz_ws.l(dflt_clz.o)
    0x08005162   0x00000002   PAD
    0x08005164   0x00000078   Code   RO         4187    x$fpl$dleqf         fz_ws.l(dleqf.o)
    0x080051dc   0x00000154   Code   RO         4189    x$fpl$dmul          fz_ws.l(dmul.o)
    0x08005330   0x0000009c   Code   RO         4269    x$fpl$dnaninf       fz_ws.l(dnaninf.o)
    0x080053cc   0x0000000c   Code   RO         4271    x$fpl$dretinf       fz_ws.l(dretinf.o)
    0x080053d8   0x0000006c   Code   RO         4191    x$fpl$drleqf        fz_ws.l(drleqf.o)
    0x08005444   0x000001d4   Code   RO         4165    x$fpl$dsub          fz_ws.l(daddsub_clz.o)
    0x08005618   0x00000056   Code   RO         4193    x$fpl$f2d           fz_ws.l(f2d.o)
    0x0800566e   0x00000002   PAD
    0x08005670   0x000000c4   Code   RO         4195    x$fpl$fadd          fz_ws.l(faddsub_clz.o)
    0x08005734   0x0000000c   Code   RO         4340    x$fpl$fcheck1       fz_ws.l(fcheck1.o)
    0x08005740   0x00000018   Code   RO         4273    x$fpl$fcmpinf       fz_ws.l(fcmpi.o)
    0x08005758   0x00000184   Code   RO         4202    x$fpl$fdiv          fz_ws.l(fdiv.o)
    0x080058dc   0x00000036   Code   RO         4205    x$fpl$ffix          fz_ws.l(ffix.o)
    0x08005912   0x00000002   PAD
    0x08005914   0x0000003e   Code   RO         4209    x$fpl$ffixu         fz_ws.l(ffixu.o)
    0x08005952   0x00000002   PAD
    0x08005954   0x00000030   Code   RO         4214    x$fpl$fflt          fz_ws.l(fflt_clz.o)
    0x08005984   0x00000026   Code   RO         4213    x$fpl$ffltu         fz_ws.l(fflt_clz.o)
    0x080059aa   0x00000002   PAD
    0x080059ac   0x00000068   Code   RO         4219    x$fpl$fleqf         fz_ws.l(fleqf.o)
    0x08005a14   0x00000102   Code   RO         4221    x$fpl$fmul          fz_ws.l(fmul.o)
    0x08005b16   0x0000008c   Code   RO         4275    x$fpl$fnaninf       fz_ws.l(fnaninf.o)
    0x08005ba2   0x0000000a   Code   RO         4277    x$fpl$fretinf       fz_ws.l(fretinf.o)
    0x08005bac   0x00000062   Code   RO         4223    x$fpl$frleqf        fz_ws.l(frleqf.o)
    0x08005c0e   0x00000002   PAD
    0x08005c10   0x00000060   Code   RO         4279    x$fpl$frnd          fz_ws.l(frnd.o)
    0x08005c70   0x00000014   Code   RO         4196    x$fpl$frsb          fz_ws.l(faddsub_clz.o)
    0x08005c84   0x00000110   Code   RO         4281    x$fpl$fsqrt         fz_ws.l(fsqrt.o)
    0x08005d94   0x000000ea   Code   RO         4197    x$fpl$fsub          fz_ws.l(faddsub_clz.o)
    0x08005e7e   0x00000064   Code   RO         4389    x$fpl$retnan        fz_ws.l(retnan.o)
    0x08005ee2   0x0000004c   Code   RO         4325    x$fpl$scalbnf       fz_ws.l(scalbnf.o)
    0x08005f2e   0x00000030   Code   RO         4402    x$fpl$trapveneer    fz_ws.l(trapv.o)
    0x08005f5e   0x00000000   Code   RO         4283    x$fpl$usenofp       fz_ws.l(usenofp.o)
    0x08005f5e   0x00000002   PAD
    0x08005f60   0x00000020   Data   RO         4301    .constdata          m_ws.l(rredf.o)
    0x08005f80   0x00000020   Data   RO         4470    Region$$Table       anon$$obj.o


    Execution Region RW_IRAM1 (Base: 0x20000000, Size: 0x00000958, Max: 0x00005000, ABSOLUTE)

    Base Addr    Size         Type   Attr      Idx    E Section Name        Object

    0x20000000   0x0000000c   Data   RW            5    .data               delay.o
    0x2000000c   0x0000002c   Data   RW          300    .data               imu.o
    0x20000038   0x0000001c   Data   RW          356    .data               filter.o
    0x20000054   0x0000003e   Data   RW          519    .data               controller.o
    0x20000092   0x00000030   Data   RW          605    .data               func.o
    0x200000c2   0x00000002   PAD
    0x200000c4   0x00000014   Data   RW          683    .data               system_stm32f10x.o
    0x200000d8   0x00000014   Data   RW         2342    .data               stm32f10x_rcc.o
    0x200000ec   0x00000003   Data   RW         3745    .data               usart.o
    0x200000ef   0x0000000b   Data   RW         3811    .data               nrf24l01.o
    0x200000fa   0x00000002   Data   RW         4032    .data               eeprom.o
    0x200000fc   0x00000034   Zero   RW          299    .bss                imu.o
    0x20000130   0x00000024   Zero   RW          355    .bss                filter.o
    0x20000154   0x00000150   Zero   RW          518    .bss                controller.o
    0x200002a4   0x0000003c   Zero   RW         3743    .bss                usart.o
    0x200002e0   0x00000014   Zero   RW         4099    .bss                adc_dma.o
    0x200002f4   0x00000060   Zero   RW         4328    .bss                c_w.l(libspace.o)
    0x20000354   0x00000004   PAD
    0x20000358   0x00000200   Zero   RW          733    HEAP                startup_stm32f10x_md.o
    0x20000558   0x00000400   Zero   RW          732    STACK               startup_stm32f10x_md.o


==============================================================================

Image component sizes


      Code (inc. data)   RO Data    RW Data    ZI Data      Debug   Object Name

       292         22          0          0         20       1509   adc_dma.o
      2972        336          0         62        336       8433   controller.o
         0          0          0          0          0         32   core_cm3.o
       166         20          0         12          0     285574   delay.o
      1132         62          0          2          0       5929   eeprom.o
      1314         62          0         28         36       5446   filter.o
      2160        168          0         48          0       5517   func.o
       772         90          0         44         52       3983   imu.o
       870         94          0          0          0       5848   ioi2c.o
      1368        216          0          0          0      19663   main.o
       152         30          0          0          0       1957   misc.o
       316         18          0          0          0       1240   motor.o
       150          6          0          0          0       2107   mpu6050.o
       696         66          0         11          0       6174   nrf24l01.o
       204          6          0          0          0       3303   pid.o
       288         16          0          0          0       1052   spi.o
        64         26        236          0       1536        760   startup_stm32f10x_md.o
       390         10          0          0          0       7105   stm32f10x_adc.o
       416          8          0          0          0       3306   stm32f10x_dma.o
       254         24          0          0          0       2817   stm32f10x_flash.o
       286          0          0          0          0       2920   stm32f10x_gpio.o
       144         32          0          0          0       4196   stm32f10x_it.o
       308         38          0         20          0       4822   stm32f10x_rcc.o
       112          0          0          0          0       3662   stm32f10x_spi.o
       900         92          0          0          0       7144   stm32f10x_tim.o
       442          6          0          0          0       5937   stm32f10x_usart.o
       328         28          0         20          0       1905   system_stm32f10x.o
       494          8          0          3         60       3279   usart.o

    ----------------------------------------------------------------------
     17026       1484        268        252       2040     405620   Object Totals
         0          0         32          0          0          0   (incl. Generated)
        36          0          0          2          0          0   (incl. Padding)

    ----------------------------------------------------------------------

      Code (inc. data)   RO Data    RW Data    ZI Data      Debug   Library Member Name

         8          0          0          0          0         68   __main.o
         0          0          0          0          0          0   __rtentry.o
        12          0          0          0          0          0   __rtentry2.o
         6          0          0          0          0          0   __rtentry4.o
        52          8          0          0          0          0   __scatter.o
        26          0          0          0          0          0   __scatter_copy.o
        28          0          0          0          0          0   __scatter_zi.o
        22          0          0          0          0        100   _rserrno.o
        18          0          0          0          0         80   exit.o
         6          0          0          0          0        152   heapauxi.o
         0          0          0          0          0          0   indicate_semi.o
         2          0          0          0          0          0   libinit.o
         2          0          0          0          0          0   libinit2.o
         2          0          0          0          0          0   libshutdown.o
         2          0          0          0          0          0   libshutdown2.o
         8          4          0          0         96         68   libspace.o
         8          4          0          0          0         68   rt_errno_addr_intlibspace.o
         2          0          0          0          0          0   rtexit.o
        10          0          0          0          0          0   rtexit2.o
        12          4          0          0          0         68   sys_exit.o
        74          0          0          0          0         80   sys_stackheap_outer.o
         2          0          0          0          0         68   use_no_semi.o
        98          4          0          0          0         92   d2f.o
       804         16          0          0          0        272   daddsub_clz.o
        24          0          0          0          0         68   dcmpi.o
       688        140          0          0          0        208   ddiv.o
        94          4          0          0          0         92   dfix.o
        90          4          0          0          0         92   dfixu.o
        84          0          0          0          0        136   dflt_clz.o
       120          4          0          0          0         92   dleqf.o
       340         12          0          0          0        104   dmul.o
       156          4          0          0          0         92   dnaninf.o
        12          0          0          0          0         68   dretinf.o
       108          0          0          0          0         80   drleqf.o
        86          4          0          0          0         84   f2d.o
       450          8          0          0          0        236   faddsub_clz.o
        12          4          0          0          0         68   fcheck1.o
        24          0          0          0          0         68   fcmpi.o
       388         76          0          0          0         96   fdiv.o
        54          4          0          0          0         84   ffix.o
        62          4          0          0          0         84   ffixu.o
        86          0          0          0          0        136   fflt_clz.o
       104          4          0          0          0         84   fleqf.o
       258          4          0          0          0         84   fmul.o
       140          4          0          0          0         84   fnaninf.o
        10          0          0          0          0         68   fretinf.o
        98          0          0          0          0         68   frleqf.o
        96          4          0          0          0         76   frnd.o
       272        100          0          0          0         88   fsqrt.o
       100          0          0          0          0         68   retnan.o
        76          0          0          0          0         68   scalbnf.o
        48          0          0          0          0         68   trapv.o
         0          0          0          0          0          0   usenofp.o
       604         76          0          0          0        116   atan2f.o
       380         52          0          0          0        124   cosf.o
        38          0          0          0          0         68   fpclassifyf.o
        28          0          0          0          0        272   funder.o
       360         16         32          0          0         88   rredf.o
       392         54          0          0          0        124   sinf.o
        44          0          0          0          0         80   sqrtf.o

    ----------------------------------------------------------------------
      7154        622         32          0        100       4632   Library Totals
        24          0          0          0          4          0   (incl. Padding)

    ----------------------------------------------------------------------

      Code (inc. data)   RO Data    RW Data    ZI Data      Debug   Library Name

       302         20          0          0         96        752   c_w.l
      4982        404          0          0          0       3008   fz_ws.l
      1846        198         32          0          0        872   m_ws.l

    ----------------------------------------------------------------------
      7154        622         32          0        100       4632   Library Totals

    ----------------------------------------------------------------------

==============================================================================


      Code (inc. data)   RO Data    RW Data    ZI Data      Debug   

     24180       2106        300        252       2140     399848   Grand Totals
     24180       2106        300        252       2140     399848   ELF Image Totals
     24180       2106        300        252          0          0   ROM Totals

==============================================================================

    Total RO  Size (Code + RO Data)                24480 (  23.91kB)
    Total RW  Size (RW Data + ZI Data)              2392 (   2.34kB)
    Total ROM Size (Code + RO Data + RW Data)      24732 (  24.15kB)

==============================================================================

