<html>
<body>
<pre>
<h1>礦ision Build Log</h1>
<h2>Tool Versions:</h2>
IDE-Version: μVision V5.16a
Copyright (C) 2015 ARM Ltd and ARM Germany GmbH. All rights reserved.
License Information: unsdkfsjid pijo, hhkiklh, LIC=Q7GSB-2MX4N-F0HN5-GWRV5-SY4SA-1NVDC
 
Tool Versions:
Toolchain:       MDK-ARM Professional  Version: 5.16a
Toolchain Path:  H:\Keil5.16\ARM\ARMCC\Bin
C Compiler:      Armcc.exe V5.06 (build 20)
Assembler:       Armasm.exe V5.06 (build 20)
Linker/Locator:  ArmLink.exe V5.06 (build 20)
Library Manager: ArmAr.exe V5.06 (build 20)
Hex Converter:   FromElf.exe V5.06 (build 20)
CPU DLL:         SARMCM3.DLL V5.16a
Dialog DLL:      DARMSTM.DLL V1.65.0.0
Target DLL:      STLink\ST-LINKIII-KEIL_SWO.dll V2.0.17.0
Dialog DLL:      TARMSTM.DLL V1.64.0.0
 
<h2>Project:</h2>
G:\大航四轴\四轴程序\test.uvprojx
Project File Date:  10/30/2015

<h2>Output:</h2>
*** Using Compiler 'V5.06 (build 20)', folder: 'H:\Keil5.16\ARM\ARMCC\Bin'
Rebuild target 'test'
compiling imu.c...
compiling pid.c...
compiling delay.c...
compiling stm32f10x_it.c...
compiling filter.c...
compiling main.c...
compiling controller.c...
assembling startup_stm32f10x_md.s...
compiling stm32f10x_bkp.c...
compiling system_stm32f10x.c...
compiling misc.c...
compiling stm32f10x_adc.c...
compiling func.c...
compiling stm32f10x_can.c...
compiling core_cm3.c...
compiling stm32f10x_cec.c...
compiling stm32f10x_crc.c...
compiling stm32f10x_dbgmcu.c...
compiling stm32f10x_dac.c...
compiling stm32f10x_dma.c...
compiling stm32f10x_exti.c...
compiling stm32f10x_i2c.c...
compiling stm32f10x_gpio.c...
compiling stm32f10x_iwdg.c...
compiling stm32f10x_pwr.c...
compiling stm32f10x_flash.c...
compiling stm32f10x_fsmc.c...
compiling stm32f10x_rcc.c...
compiling stm32f10x_spi.c...
compiling stm32f10x_rtc.c...
compiling stm32f10x_sdio.c...
compiling stm32f10x_usart.c...
compiling stm32f10x_wwdg.c...
compiling stm32f10x_tim.c...
compiling Spi.c...
compiling NRF24l01.c...
compiling MPU6050.c...
compiling Motor.c...
compiling IOI2C.c...
compiling eeprom.c...
compiling USART.c...
compiling adc_dma.c...
linking...
Program Size: Code=24180 RO-data=300 RW-data=252 ZI-data=2140  
".\Obj\test.axf" - 0 Error(s), 0 Warning(s).

<h2>Software Packages used:</h2>

Package Vendor: ARM
                http://www.keil.com/pack/ARM.CMSIS.4.4.0.pack
                ARM::CMSIS:CORE:4.2.0
                CMSIS (Cortex Microcontroller Software Interface Standard)
   * Component: CORE Version: 4.2.0

<h2>Collection of Component include folders:</h2>
  G:\大航四轴\四轴程序\RTE
  H:\Keil5.16\ARM\PACK\ARM\CMSIS\4.4.0\CMSIS\Include
  H:\Keil5.16\ARM\PACK\Keil\STM32F1xx_DFP\1.1.0\Device\Include

<h2>Collection of Component Files used:</h2>

   * Component: ARM::CMSIS:CORE:4.2.0
Build Time Elapsed:  00:00:08
</pre>
</body>
</html>
