<html>
<body>
<pre>
<h1>礦ision Build Log</h1>
<h2>Project:</h2>
C:\Users\lihang\Desktop\四轴资料\四轴程序\test.uvproj
Project File Date:  10/12/2015

<h2>Output:</h2>
Load "C:\\Users\\lihang\\Desktop\\四轴资料\\四轴程序\\Obj\\test.axf" 
Load "C:\\Users\\lihang\\Desktop\\四轴资料\\四轴程序\\Obj\\test.axf" 
Load "C:\\Users\\lihang\\Desktop\\四轴资料\\四轴程序\\Obj\\test.axf" 
Rebuild target 'test'
compiling delay.c...
compiling main.c...
compiling stm32f10x_it.c...
compiling imu.c...
compiling filter.c...
compiling pid.c...
compiling controller.c...
compiling func.c...
compiling core_cm3.c...
compiling system_stm32f10x.c...
assembling startup_stm32f10x_md.s...
compiling misc.c...
compiling stm32f10x_adc.c...
compiling stm32f10x_bkp.c...
compiling stm32f10x_can.c...
compiling stm32f10x_cec.c...
compiling stm32f10x_crc.c...
compiling stm32f10x_dac.c...
compiling stm32f10x_dbgmcu.c...
compiling stm32f10x_dma.c...
compiling stm32f10x_exti.c...
compiling stm32f10x_flash.c...
compiling stm32f10x_fsmc.c...
compiling stm32f10x_gpio.c...
compiling stm32f10x_i2c.c...
compiling stm32f10x_iwdg.c...
compiling stm32f10x_pwr.c...
compiling stm32f10x_rcc.c...
compiling stm32f10x_rtc.c...
compiling stm32f10x_sdio.c...
compiling stm32f10x_spi.c...
compiling stm32f10x_tim.c...
compiling stm32f10x_usart.c...
compiling stm32f10x_wwdg.c...
compiling Spi.c...
compiling USART.c...
compiling NRF24l01.c...
compiling IOI2C.c...
compiling MPU6050.c...
compiling eeprom.c...
compiling Motor.c...
compiling adc_dma.c...
linking...
Program Size: Code=24168 RO-data=300 RW-data=252 ZI-data=2140  
".\Obj\test.axf" - 0 Errors, 0 Warning(s).
